Archive member included because of file (symbol)

/opt/CodeSourcery/Sourcery_G++_Lite/arm-none-eabi/lib/libc.a(lib_a-errno.o)
                              /home/user/Desktop/EmbeddedC/src/lib2450/syscall.o (__errno)
/opt/CodeSourcery/Sourcery_G++_Lite/arm-none-eabi/lib/libc.a(lib_a-impure.o)
                              /opt/CodeSourcery/Sourcery_G++_Lite/arm-none-eabi/lib/libc.a(lib_a-errno.o) (_impure_ptr)
/opt/CodeSourcery/Sourcery_G++_Lite/arm-none-eabi/lib/libc.a(lib_a-memset.o)
                              /home/user/Desktop/EmbeddedC/src/lib2450/syscall.o (memset)
/opt/CodeSourcery/Sourcery_G++_Lite/arm-none-eabi/lib/libc.a(lib_a-printf.o)
                              14/UserMain14.o (printf)
/opt/CodeSourcery/Sourcery_G++_Lite/arm-none-eabi/lib/libc.a(lib_a-putchar.o)
                              /home/user/Desktop/EmbeddedC/src/lib2450/libc.o (putchar)
/opt/CodeSourcery/Sourcery_G++_Lite/arm-none-eabi/lib/libc.a(lib_a-puts.o)
                              14/UserMain14.o (puts)
/opt/CodeSourcery/Sourcery_G++_Lite/arm-none-eabi/lib/libc.a(lib_a-vfprintf.o)
                              /opt/CodeSourcery/Sourcery_G++_Lite/arm-none-eabi/lib/libc.a(lib_a-printf.o) (_vfprintf_r)
/opt/CodeSourcery/Sourcery_G++_Lite/arm-none-eabi/lib/libc.a(lib_a-wsetup.o)
                              /opt/CodeSourcery/Sourcery_G++_Lite/arm-none-eabi/lib/libc.a(lib_a-vfprintf.o) (__swsetup_r)
/opt/CodeSourcery/Sourcery_G++_Lite/arm-none-eabi/lib/libc.a(lib_a-dtoa.o)
                              /opt/CodeSourcery/Sourcery_G++_Lite/arm-none-eabi/lib/libc.a(lib_a-vfprintf.o) (_dtoa_r)
/opt/CodeSourcery/Sourcery_G++_Lite/arm-none-eabi/lib/libc.a(lib_a-fflush.o)
                              /opt/CodeSourcery/Sourcery_G++_Lite/arm-none-eabi/lib/libc.a(lib_a-vfprintf.o) (_fflush_r)
/opt/CodeSourcery/Sourcery_G++_Lite/arm-none-eabi/lib/libc.a(lib_a-findfp.o)
                              /opt/CodeSourcery/Sourcery_G++_Lite/arm-none-eabi/lib/libc.a(lib_a-vfprintf.o) (__sinit)
/opt/CodeSourcery/Sourcery_G++_Lite/arm-none-eabi/lib/libc.a(lib_a-freer.o)
                              /opt/CodeSourcery/Sourcery_G++_Lite/arm-none-eabi/lib/libc.a(lib_a-wsetup.o) (_free_r)
/opt/CodeSourcery/Sourcery_G++_Lite/arm-none-eabi/lib/libc.a(lib_a-fvwrite.o)
                              /opt/CodeSourcery/Sourcery_G++_Lite/arm-none-eabi/lib/libc.a(lib_a-puts.o) (__sfvwrite_r)
/opt/CodeSourcery/Sourcery_G++_Lite/arm-none-eabi/lib/libc.a(lib_a-fwalk.o)
                              /opt/CodeSourcery/Sourcery_G++_Lite/arm-none-eabi/lib/libc.a(lib_a-findfp.o) (_fwalk)
/opt/CodeSourcery/Sourcery_G++_Lite/arm-none-eabi/lib/libc.a(lib_a-locale.o)
                              /opt/CodeSourcery/Sourcery_G++_Lite/arm-none-eabi/lib/libc.a(lib_a-vfprintf.o) (_localeconv_r)
/opt/CodeSourcery/Sourcery_G++_Lite/arm-none-eabi/lib/libc.a(lib_a-makebuf.o)
                              /opt/CodeSourcery/Sourcery_G++_Lite/arm-none-eabi/lib/libc.a(lib_a-wsetup.o) (__smakebuf_r)
/opt/CodeSourcery/Sourcery_G++_Lite/arm-none-eabi/lib/libc.a(lib_a-mallocr.o)
                              /opt/CodeSourcery/Sourcery_G++_Lite/arm-none-eabi/lib/libc.a(lib_a-findfp.o) (_malloc_r)
/opt/CodeSourcery/Sourcery_G++_Lite/arm-none-eabi/lib/libc.a(lib_a-memchr.o)
                              /opt/CodeSourcery/Sourcery_G++_Lite/arm-none-eabi/lib/libc.a(lib_a-vfprintf.o) (memchr)
/opt/CodeSourcery/Sourcery_G++_Lite/arm-none-eabi/lib/libc.a(lib_a-memcpy.o)
                              /opt/CodeSourcery/Sourcery_G++_Lite/arm-none-eabi/lib/libc.a(lib_a-dtoa.o) (memcpy)
/opt/CodeSourcery/Sourcery_G++_Lite/arm-none-eabi/lib/libc.a(lib_a-memmove.o)
                              /opt/CodeSourcery/Sourcery_G++_Lite/arm-none-eabi/lib/libc.a(lib_a-fvwrite.o) (memmove)
/opt/CodeSourcery/Sourcery_G++_Lite/arm-none-eabi/lib/libc.a(lib_a-mlock.o)
                              /opt/CodeSourcery/Sourcery_G++_Lite/arm-none-eabi/lib/libc.a(lib_a-freer.o) (__malloc_lock)
/opt/CodeSourcery/Sourcery_G++_Lite/arm-none-eabi/lib/libc.a(lib_a-mprec.o)
                              /opt/CodeSourcery/Sourcery_G++_Lite/arm-none-eabi/lib/libc.a(lib_a-dtoa.o) (_Balloc)
/opt/CodeSourcery/Sourcery_G++_Lite/arm-none-eabi/lib/libc.a(lib_a-putc.o)
                              /opt/CodeSourcery/Sourcery_G++_Lite/arm-none-eabi/lib/libc.a(lib_a-putchar.o) (_putc_r)
/opt/CodeSourcery/Sourcery_G++_Lite/arm-none-eabi/lib/libc.a(lib_a-reallocr.o)
                              /opt/CodeSourcery/Sourcery_G++_Lite/arm-none-eabi/lib/libc.a(lib_a-fvwrite.o) (_realloc_r)
/opt/CodeSourcery/Sourcery_G++_Lite/arm-none-eabi/lib/libc.a(lib_a-s_fpclassify.o)
                              /opt/CodeSourcery/Sourcery_G++_Lite/arm-none-eabi/lib/libc.a(lib_a-vfprintf.o) (__fpclassifyd)
/opt/CodeSourcery/Sourcery_G++_Lite/arm-none-eabi/lib/libc.a(lib_a-stdio.o)
                              /opt/CodeSourcery/Sourcery_G++_Lite/arm-none-eabi/lib/libc.a(lib_a-findfp.o) (__sread)
[...]
Memory Configuration

Name             Origin             Length             Attributes
*default*        0x00000000         0xffffffff

Linker script and memory map

                0x30000000                __TEXT_START__ = 0x30000000
                [0x00002000]                _STACK_SIZE = DEFINED (_STACK_SIZE)?_STACK_SIZE:0x2000
                [0x00200000]                _HEAP_SIZE = DEFINED (_HEAP_SIZE)?_HEAP_SIZE:0x200000

.text           0x30000000     0xb82c
                0x30000000                __TEXT_START__ = .
 *startup.o(.text)
 .text          0x30000000      0x2b0 /home/user/Desktop/EmbeddedC/src/startup/s3c2450_startup.o
                0x30000000                _start
                0x300000b0                ResetHandler
                0x3000019c                IsrIRQ
 *(.text)
 .text          0x300002b0      0x110 14/UserMain14.o
                0x300002b0                Ex1
                0x30000340                Ex2
                0x30000398                User_Main
 .text          0x300003c0       0x5c /home/user/Desktop/EmbeddedC/src/startup/Main.o
                0x300003c0                main
 .text          0x3000041c      0x6b8 /home/user/Desktop/EmbeddedC/src/lib2450/libc.o
                0x3000041c                MMU_Init
                0x30000610                MMU_SetMTT
                0x300006b8                ChangeRomCacheStatus
                0x30000778                malloc
                0x30000808                free
                0x30000828                Led_Port_Init
                0x30000888                Led_Display
                0x30000944                start_timer0
                0x30000984                stop_timer0
                0x30000998                time
                0x300009b4                MemFill
                0x30000a14                MemDump
 .text          0x30000ad4      0x268 /home/user/Desktop/EmbeddedC/src/lib2450/libs.o
                0x30000ad4                HOW_TO_RETURN
                0x30000adc                CONDITIONAL_EXECUTE
                0x30000af0                DATA_PROCESS1
                0x30000b00                DATA_PROCESS2
                0x30000b10                SUM_OF_DEC
                0x30000b2c                GRT_COM_MES
                0x30000b40                MEMCPY_SINGLE
                0x30000b58                MEMCPY_MULTIPLE
                0x30000b70                MEMCPY
                0x30000bb0                SET_IF
                0x30000bc4                WR_IF
                0x30000bcc                CLR_IF
                0x30000bdc                MMU_EnableICache
                0x30000bec                MMU_DisableICache
                0x30000bfc                MMU_EnableDCache
                0x30000c0c                MMU_DisableDCache
                0x30000c1c                MMU_EnableAlignFault
                0x30000c2c                MMU_DisableAlignFault
                0x30000c3c                MMU_EnableMMU
                0x30000c4c                MMU_DisableMMU
                0x30000c5c                MMU_SetFastBusMode
                0x30000c70                MMU_SetAsyncBusMode
                0x30000c84                MMU_SetTTBase
                0x30000c8c                MMU_SetDomain
                0x30000c94                MMU_InvalidateIDCache
                0x30000c9c                MMU_InvalidateICache
                0x30000ca4                MMU_InvalidateICacheMVA
                0x30000cac                MMU_PrefetchICacheMVA
                0x30000cb4                MMU_InvalidateDCache
                0x30000cbc                MMU_InvalidateDCacheMVA
                0x30000cc4                MMU_CleanDCacheMVA
                0x30000ccc                MMU_CleanInvalidateDCacheMVA
                0x30000cd4                MMU_CleanDCacheIndex
                0x30000cdc                MMU_CleanInvalidateDCacheIndex
                0x30000ce4                MMU_WaitForInterrupt
                0x30000cec                MMU_InvalidateTLB
                0x30000cf4                MMU_InvalidateITLB
                0x30000cfc                MMU_InvalidateITLBMVA
                0x30000d04                MMU_InvalidateDTLB
                0x30000d0c                MMU_InvalidateDTLBMVA
                0x30000d14                MMU_SetDCacheLockdownBase
                0x30000d1c                MMU_SetICacheLockdownBase
                0x30000d24                MMU_SetDTLBLockdown
                0x30000d2c                MMU_SetITLBLockdown
                0x30000d34                MMU_SetProcessId
 .text          0x30000d3c      0x1cc /home/user/Desktop/EmbeddedC/src/lib2450/syscall.o
                0x30000d3c                _read_r
                0x30000d74                _lseek_r
                0x30000d98                _write_r
                0x30000e20                _close_r
                0x30000e3c                _sbrk_r
                0x30000ea0                _fstat_r
                0x30000ee0                _isatty_r
                0x30000efc                _exit
 .text          0x30000f08       0x4c /home/user/Desktop/EmbeddedC/src/lib2450/Timer.o
                0x30000f08                Timer_Delay
 *fill*         0x30000f54        0x4 00
 .text          0x30000f58      0x730 /home/user/Desktop/EmbeddedC/src/lib2450/Uart.o
                0x30000f58                Uart_Init
                0x3000105c                Uart_Send_String
                0x300010a0                Uart_Send_Byte
                0x30001114                Uart_GetChar
                0x30001148                Uart_Get_Pressed
                0x30001184                Uart_TxEmpty
                0x300011b0                Uart_GetKey
                0x300011ec                Uart_GetString
                0x300012e4                atoi
                0x300013a4                strlen
                0x300013ec                Uart_GetIntNum
 .text          0x30001688       0x10 /opt/CodeSourcery/Sourcery_G++_Lite/arm-none-eabi/lib/libc.a(lib_a-errno.o)
                0x30001688                __errno
 .text          0x30001698        0x0 /opt/CodeSourcery/Sourcery_G++_Lite/arm-none-eabi/lib/libc.a(lib_a-impure.o)
 .text          0x30001698      0x100 /opt/CodeSourcery/Sourcery_G++_Lite/arm-none-eabi/lib/libc.a(lib_a-memset.o)
                0x30001698                memset
 .text          0x30001798       0x74 /opt/CodeSourcery/Sourcery_G++_Lite/arm-none-eabi/lib/libc.a(lib_a-printf.o)
                0x30001798                _printf_r
                0x300017cc                printf
 .text          0x3000180c       0x3c /opt/CodeSourcery/Sourcery_G++_Lite/arm-none-eabi/lib/libc.a(lib_a-putchar.o)
                0x3000180c                _putchar_r
                0x30001820                putchar
 .text          0x30001848       0xb4 /opt/CodeSourcery/Sourcery_G++_Lite/arm-none-eabi/lib/libc.a(lib_a-puts.o)
                0x30001848                _puts_r
                0x300018e8                puts
 .text          0x300018fc     0x22e4 /opt/CodeSourcery/Sourcery_G++_Lite/arm-none-eabi/lib/libc.a(lib_a-vfprintf.o)
                0x300018fc                _vfprintf_r
                0x30003bb4                vfprintf
 .text          0x30003be0      0x134 /opt/CodeSourcery/Sourcery_G++_Lite/arm-none-eabi/lib/libc.a(lib_a-wsetup.o)
                0x30003be0                __swsetup_r
 *fill*         0x30003d14        0x4 00
 .text          0x30003d18     0x17d0 /opt/CodeSourcery/Sourcery_G++_Lite/arm-none-eabi/lib/libc.a(lib_a-dtoa.o)
                0x30003ee8                _dtoa_r
 .text          0x300054e8      0x28c /opt/CodeSourcery/Sourcery_G++_Lite/arm-none-eabi/lib/libc.a(lib_a-fflush.o)
                0x300054e8                _fflush_r
                0x30005734                fflush
 .text          0x30005774      0x334 /opt/CodeSourcery/Sourcery_G++_Lite/arm-none-eabi/lib/libc.a(lib_a-findfp.o)
                0x30005784                _cleanup_r
                0x3000579c                __sfmoreglue
                0x300057e4                _cleanup
                0x300057f4                __sinit
                0x3000595c                __sfp
                0x30005a50                __sfp_lock_acquire
                0x30005a54                __sfp_lock_release
                0x30005a58                __sinit_lock_acquire
                0x30005a5c                __sinit_lock_release
                0x30005a60                __fp_lock_all
                0x30005a84                __fp_unlock_all
 .text          0x30005aa8      0x360 /opt/CodeSourcery/Sourcery_G++_Lite/arm-none-eabi/lib/libc.a(lib_a-freer.o)
                0x30005aa8                _malloc_trim_r
                0x30005ba4                _free_r
 .text          0x30005e08      0x4b0 /opt/CodeSourcery/Sourcery_G++_Lite/arm-none-eabi/lib/libc.a(lib_a-fvwrite.o)
                0x30005e08                __sfvwrite_r
 .text          0x300062b8      0x11c /opt/CodeSourcery/Sourcery_G++_Lite/arm-none-eabi/lib/libc.a(lib_a-fwalk.o)
                0x300062b8                _fwalk
                0x30006344                _fwalk_reent
 .text          0x300063d4       0xd0 /opt/CodeSourcery/Sourcery_G++_Lite/arm-none-eabi/lib/libc.a(lib_a-locale.o)
                0x300063d4                _setlocale_r
                0x30006440                __locale_charset
                0x3000644c                __locale_mb_cur_max
                0x3000645c                __locale_msgcharset
                0x30006468                __locale_cjk_lang
                0x30006470                _localeconv_r
                0x3000647c                setlocale
                0x30006498                localeconv
 .text          0x300064a4      0x164 /opt/CodeSourcery/Sourcery_G++_Lite/arm-none-eabi/lib/libc.a(lib_a-makebuf.o)
                0x300064a4                __smakebuf_r
 .text          0x30006608      0x70c /opt/CodeSourcery/Sourcery_G++_Lite/arm-none-eabi/lib/libc.a(lib_a-mallocr.o)
                0x30006608                _malloc_r
 .text          0x30006d14      0x104 /opt/CodeSourcery/Sourcery_G++_Lite/arm-none-eabi/lib/libc.a(lib_a-memchr.o)
                0x30006d14                memchr
 .text          0x30006e18      0x1c0 /opt/CodeSourcery/Sourcery_G++_Lite/arm-none-eabi/lib/libc.a(lib_a-memcpy.o)
                0x30006e18                memcpy
 .text          0x30006fd8      0x128 /opt/CodeSourcery/Sourcery_G++_Lite/arm-none-eabi/lib/libc.a(lib_a-memmove.o)
                0x30006fd8                memmove
 .text          0x30007100        0x8 /opt/CodeSourcery/Sourcery_G++_Lite/arm-none-eabi/lib/libc.a(lib_a-mlock.o)
                0x30007100                __malloc_lock
                0x30007104                __malloc_unlock
 .text          0x30007108      0xcfc /opt/CodeSourcery/Sourcery_G++_Lite/arm-none-eabi/lib/libc.a(lib_a-mprec.o)
                0x30007108                _Balloc
                0x30007190                _Bfree
                0x300071ac                __multadd
                0x30007288                __s2b
                0x30007374                __hi0bits
                0x300073c4                __lo0bits
                0x30007454                __i2b
                0x30007478                __multiply
                0x30007660                __pow5mult
                0x30007754                __lshift
                0x30007858                __mcmp
                0x300078b8                __mdiff
                0x30007a10                __ulp
                0x30007a70                __b2d
                0x30007b34                __d2b
                0x30007c3c                __ratio
                0x30007cb4                _mprec_log10
                0x30007d08                __copybits
                0x30007d7c                __any_on
 .text          0x30007e04      0x168 /opt/CodeSourcery/Sourcery_G++_Lite/arm-none-eabi/lib/libc.a(lib_a-putc.o)
                0x30007e04                _putc_r
                0x30007eb0                putc
 .text          0x30007f6c      0x5c0 /opt/CodeSourcery/Sourcery_G++_Lite/arm-none-eabi/lib/libc.a(lib_a-reallocr.o)
                0x30007f6c                _realloc_r
 .text          0x3000852c       0x8c /opt/CodeSourcery/Sourcery_G++_Lite/arm-none-eabi/lib/libc.a(lib_a-s_fpclassify.o)
                0x3000852c                __fpclassifyd
 .text          0x300085b8       0xdc /opt/CodeSourcery/Sourcery_G++_Lite/arm-none-eabi/lib/libc.a(lib_a-stdio.o)
                0x300085b8                __sread
                0x300085ec                __seofread
                0x300085f4                __swrite
                0x3000864c                __sseek
                0x30008680                __sclose
 .text          0x30008694      0x230 /opt/CodeSourcery/Sourcery_G++_Lite/arm-none-eabi/lib/libc.a(lib_a-strcmp.o)
                0x30008694                strcmp
 .text          0x300088c4     0x1360 /opt/CodeSourcery/Sourcery_G++_Lite/arm-none-eabi/lib/libc.a(lib_a-vfiprintf.o)
                0x300088c4                __sprint_r
                0x30008984                _vfiprintf_r
                0x30009bf8                vfiprintf
 .text          0x30009c24      0x15c /opt/CodeSourcery/Sourcery_G++_Lite/arm-none-eabi/lib/libc.a(lib_a-wbuf.o)
                0x30009c24                __swbuf_r
                0x30009d64                __swbuf
 .text          0x30009d80       0x9c /opt/CodeSourcery/Sourcery_G++_Lite/arm-none-eabi/lib/libc.a(lib_a-callocr.o)
                0x30009d80                _calloc_r
 .text          0x30009e1c      0x10c /opt/CodeSourcery/Sourcery_G++_Lite/arm-none-eabi/lib/libc.a(lib_a-fclose.o)
                0x30009e1c                _fclose_r
                0x30009f14                fclose
 .text          0x30009f28      0x1a8 /opt/CodeSourcery/Sourcery_G++_Lite/arm-none-eabi/lib/libc.a(lib_a-fputwc.o)
                0x30009f28                _fputwc_r
                0x3000a084                fputwc
 .text          0x3000a0d0      0x13c /opt/CodeSourcery/Sourcery_G++_Lite/arm-none-eabi/lib/libc.a(lib_a-wcrtomb.o)
                0x3000a0d0                _wcrtomb_r
                0x3000a164                wcrtomb
 .text          0x3000a20c       0x7c /opt/CodeSourcery/Sourcery_G++_Lite/arm-none-eabi/lib/libc.a(lib_a-wctomb_r.o)
                0x3000a20c                __ascii_wctomb
                0x3000a238                _wctomb_r
 .text          0x3000a288      0x114 /opt/CodeSourcery/Sourcery_G++_Lite/lib/gcc/arm-none-eabi/4.5.2/libgcc.a(_udivsi3.o)
                0x3000a288                __udivsi3
                0x3000a288                __aeabi_uidiv
                0x3000a37c                __aeabi_uidivmod
 .text          0x3000a39c        0x4 /opt/CodeSourcery/Sourcery_G++_Lite/lib/gcc/arm-none-eabi/4.5.2/libgcc.a(_dvmd_tls.o)
                0x3000a39c                __aeabi_ldiv0
                0x3000a39c                __aeabi_idiv0
 .text          0x3000a3a0      0x41c /opt/CodeSourcery/Sourcery_G++_Lite/lib/gcc/arm-none-eabi/4.5.2/libgcc.a(_arm_addsubdf3.o)
                0x3000a3a0                __aeabi_drsub
                0x3000a3a8                __aeabi_dsub
                0x3000a3a8                __subdf3
                0x3000a3ac                __adddf3
                0x3000a3ac                __aeabi_dadd
                0x3000a6bc                __aeabi_ui2d
                0x3000a6bc                __floatunsidf
                0x3000a6e0                __floatsidf
                0x3000a6e0                __aeabi_i2d
                0x3000a708                __extendsfdf2
                0x3000a708                __aeabi_f2d
                0x3000a748                __aeabi_ul2d
                0x3000a748                __floatundidf
                0x3000a75c                __floatdidf
                0x3000a75c                __aeabi_l2d
 .text          0x3000a7bc      0x49c /opt/CodeSourcery/Sourcery_G++_Lite/lib/gcc/arm-none-eabi/4.5.2/libgcc.a(_arm_muldivdf3.o)
                0x3000a7bc                __aeabi_dmul
                0x3000a7bc                __muldf3
                0x3000aa4c                __aeabi_ddiv
                0x3000aa4c                __divdf3
 .text          0x3000ac58      0x144 /opt/CodeSourcery/Sourcery_G++_Lite/lib/gcc/arm-none-eabi/4.5.2/libgcc.a(_arm_cmpdf2.o)
                0x3000ac58                __gtdf2
                0x3000ac58                __gedf2
                0x3000ac60                __ltdf2
                0x3000ac60                __ledf2
                0x3000ac68                __cmpdf2
                0x3000ac68                __eqdf2
                0x3000ac68                __nedf2
                0x3000acf0                __aeabi_cdrcmple
                0x3000ad0c                __aeabi_cdcmple
                0x3000ad0c                __aeabi_cdcmpeq
                0x3000ad24                __aeabi_dcmpeq
                0x3000ad3c                __aeabi_dcmplt
                0x3000ad54                __aeabi_dcmple
                0x3000ad6c                __aeabi_dcmpge
                0x3000ad84                __aeabi_dcmpgt
 .text          0x3000ad9c       0x5c /opt/CodeSourcery/Sourcery_G++_Lite/lib/gcc/arm-none-eabi/4.5.2/libgcc.a(_arm_fixdfsi.o)
                0x3000ad9c                __fixdfsi
                0x3000ad9c                __aeabi_d2iz
 .text          0x3000adf8       0x54 /opt/CodeSourcery/Sourcery_G++_Lite/lib/gcc/arm-none-eabi/4.5.2/libgcc.a(_arm_fixunsdfsi.o)
                0x3000adf8                __fixunsdfsi
                0x3000adf8                __aeabi_d2uiz
 .text          0x3000ae4c       0x3c /opt/CodeSourcery/Sourcery_G++_Lite/lib/gcc/arm-none-eabi/4.5.2/libgcc.a(_aeabi_uldivmod.o)
                0x3000ae4c                __aeabi_uldivmod
 .text          0x3000ae88       0x80 /opt/CodeSourcery/Sourcery_G++_Lite/lib/gcc/arm-none-eabi/4.5.2/libgcc.a(bpabi.o)
                0x3000ae88                __gnu_ldivmod_helper
                0x3000aec8                __gnu_uldivmod_helper
 .text          0x3000af08      0x4a8 /opt/CodeSourcery/Sourcery_G++_Lite/lib/gcc/arm-none-eabi/4.5.2/libgcc.a(_divdi3.o)
                0x3000af08                __divdi3
 .text          0x3000b3b0      0x434 /opt/CodeSourcery/Sourcery_G++_Lite/lib/gcc/arm-none-eabi/4.5.2/libgcc.a(_udivdi3.o)
                0x3000b3b0                __udivdi3
 .text          0x3000b7e4       0x48 /opt/CodeSourcery/Sourcery_G++_Lite/lib/gcc/arm-none-eabi/4.5.2/libgcc.a(_clzsi2.o)
                0x3000b7e4                __clzsi2
 *(.text.*)
                0x3000b82c                . = ALIGN (0x4)
                0x3000b82c                __TEXT_END__ = .

.glue_7         0x3000b82c        0x0
 .glue_7        0x00000000        0x0 linker stubs

.glue_7t        0x3000b82c        0x0
 .glue_7t       0x00000000        0x0 linker stubs

.vfp11_veneer   0x3000b82c        0x0
 .vfp11_veneer  0x00000000        0x0 linker stubs

.v4_bx          0x3000b82c        0x0
 .v4_bx         0x00000000        0x0 linker stubs

.ARM.exidx      0x3000b82c        0x8
 *(.ARM.exidx)
 .ARM.exidx     0x3000b82c        0x8 /opt/CodeSourcery/Sourcery_G++_Lite/lib/gcc/arm-none-eabi/4.5.2/libgcc.a(_divdi3.o)
 .ARM.exidx     0x3000b834        0x0 /opt/CodeSourcery/Sourcery_G++_Lite/lib/gcc/arm-none-eabi/4.5.2/libgcc.a(_udivdi3.o)
                                  0x8 (size before relaxing)
                0x3000b834                . = ALIGN (0x4)

.rodata         0x3000b838      0x3e8
                0x3000b838                __RODATA_START__ = .
 *(.rodata)
 .rodata        0x3000b838       0x44 14/UserMain14.o
 .rodata        0x3000b87c      0x15c /home/user/Desktop/EmbeddedC/src/startup/Main.o
 .rodata        0x3000b9d8       0x48 /home/user/Desktop/EmbeddedC/src/lib2450/libc.o
 .rodata        0x3000ba20       0x28 /home/user/Desktop/EmbeddedC/src/lib2450/Uart.o
 .rodata        0x3000ba48        0x4 /opt/CodeSourcery/Sourcery_G++_Lite/arm-none-eabi/lib/libc.a(lib_a-impure.o)
                0x3000ba48                _global_impure_ptr
 .rodata        0x3000ba4c       0x20 /opt/CodeSourcery/Sourcery_G++_Lite/arm-none-eabi/lib/libc.a(lib_a-vfprintf.o)
 *fill*         0x3000ba6c        0x4 00
 .rodata        0x3000ba70      0x128 /opt/CodeSourcery/Sourcery_G++_Lite/arm-none-eabi/lib/libc.a(lib_a-mprec.o)
                0x3000ba80                __mprec_tens
                0x3000bb48                __mprec_bigtens
                0x3000bb70                __mprec_tinytens
 .rodata        0x3000bb98       0x20 /opt/CodeSourcery/Sourcery_G++_Lite/arm-none-eabi/lib/libc.a(lib_a-vfiprintf.o)
 *(.rodata.*)
 .rodata.str1.4
                0x3000bbb8        0x2 /opt/CodeSourcery/Sourcery_G++_Lite/arm-none-eabi/lib/libc.a(lib_a-impure.o)
                                  0x4 (size before relaxing)
 *fill*         0x3000bbba        0x2 00
 .rodata.str1.4
                0x3000bbbc        0x2 /opt/CodeSourcery/Sourcery_G++_Lite/arm-none-eabi/lib/libc.a(lib_a-puts.o)
                                  0x4 (size before relaxing)
 *fill*         0x3000bbbe        0x2 00
 .rodata.str1.4
                0x3000bbc0       0x42 /opt/CodeSourcery/Sourcery_G++_Lite/arm-none-eabi/lib/libc.a(lib_a-vfprintf.o)
                                 0x44 (size before relaxing)
 *fill*         0x3000bc02        0x2 00
 .rodata.str1.4
                0x3000bc04       0x10 /opt/CodeSourcery/Sourcery_G++_Lite/arm-none-eabi/lib/libc.a(lib_a-dtoa.o)
                                 0x14 (size before relaxing)
 .rodata.str1.4
                0x3000bc14        0xc /opt/CodeSourcery/Sourcery_G++_Lite/arm-none-eabi/lib/libc.a(lib_a-locale.o)
                                 0x14 (size before relaxing)
 .rodata.str1.4
                0x00000000       0x30 /opt/CodeSourcery/Sourcery_G++_Lite/arm-none-eabi/lib/libc.a(lib_a-vfiprintf.o)
                0x3000bc20                . = ALIGN (0x8)
                0x3000bc20                __RODATA_END__ = .

.ARM.extab      0x3000bc20        0x0
 .ARM.extab     0x3000bc20        0x0 /opt/CodeSourcery/Sourcery_G++_Lite/lib/gcc/arm-none-eabi/4.5.2/libgcc.a(_divdi3.o)
 .ARM.extab     0x3000bc20        0x0 /opt/CodeSourcery/Sourcery_G++_Lite/lib/gcc/arm-none-eabi/4.5.2/libgcc.a(_udivdi3.o)

.data           0x3000bc20      0x8c8
                0x3000bc20                __DATA_START__ = .
 *(.data)
 .data          0x3000bc20        0x0 14/UserMain14.o
 .data          0x3000bc20        0x0 /home/user/Desktop/EmbeddedC/src/startup/Main.o
 .data          0x3000bc20        0x0 /home/user/Desktop/EmbeddedC/src/startup/s3c2450_startup.o
 .data          0x3000bc20        0x4 /home/user/Desktop/EmbeddedC/src/lib2450/libc.o
                0x3000bc20                mallocPt
 .data          0x3000bc24        0x0 /home/user/Desktop/EmbeddedC/src/lib2450/libs.o
 .data          0x3000bc24        0x0 /home/user/Desktop/EmbeddedC/src/lib2450/syscall.o
 .data          0x3000bc24        0x0 /home/user/Desktop/EmbeddedC/src/lib2450/Timer.o
 .data          0x3000bc24        0x0 /home/user/Desktop/EmbeddedC/src/lib2450/Uart.o
 .data          0x3000bc24        0x0 /opt/CodeSourcery/Sourcery_G++_Lite/arm-none-eabi/lib/libc.a(lib_a-errno.o)
 *fill*         0x3000bc24        0x4 00
 .data          0x3000bc28      0x430 /opt/CodeSourcery/Sourcery_G++_Lite/arm-none-eabi/lib/libc.a(lib_a-impure.o)
                0x3000bc28                _impure_ptr
 .data          0x3000c058        0x0 /opt/CodeSourcery/Sourcery_G++_Lite/arm-none-eabi/lib/libc.a(lib_a-memset.o)
 .data          0x3000c058        0x0 /opt/CodeSourcery/Sourcery_G++_Lite/arm-none-eabi/lib/libc.a(lib_a-printf.o)
 .data          0x3000c058        0x0 /opt/CodeSourcery/Sourcery_G++_Lite/arm-none-eabi/lib/libc.a(lib_a-putchar.o)
 .data          0x3000c058        0x0 /opt/CodeSourcery/Sourcery_G++_Lite/arm-none-eabi/lib/libc.a(lib_a-puts.o)
 .data          0x3000c058        0x0 /opt/CodeSourcery/Sourcery_G++_Lite/arm-none-eabi/lib/libc.a(lib_a-vfprintf.o)
 .data          0x3000c058        0x0 /opt/CodeSourcery/Sourcery_G++_Lite/arm-none-eabi/lib/libc.a(lib_a-wsetup.o)
 .data          0x3000c058        0x0 /opt/CodeSourcery/Sourcery_G++_Lite/arm-none-eabi/lib/libc.a(lib_a-dtoa.o)
 .data          0x3000c058        0x0 /opt/CodeSourcery/Sourcery_G++_Lite/arm-none-eabi/lib/libc.a(lib_a-fflush.o)
 .data          0x3000c058        0x0 /opt/CodeSourcery/Sourcery_G++_Lite/arm-none-eabi/lib/libc.a(lib_a-findfp.o)
 .data          0x3000c058        0x0 /opt/CodeSourcery/Sourcery_G++_Lite/arm-none-eabi/lib/libc.a(lib_a-freer.o)
 .data          0x3000c058        0x0 /opt/CodeSourcery/Sourcery_G++_Lite/arm-none-eabi/lib/libc.a(lib_a-fvwrite.o)
 .data          0x3000c058        0x0 /opt/CodeSourcery/Sourcery_G++_Lite/arm-none-eabi/lib/libc.a(lib_a-fwalk.o)
 .data          0x3000c058       0x7c /opt/CodeSourcery/Sourcery_G++_Lite/arm-none-eabi/lib/libc.a(lib_a-locale.o)
                0x3000c078                __mb_cur_max
 .data          0x3000c0d4        0x0 /opt/CodeSourcery/Sourcery_G++_Lite/arm-none-eabi/lib/libc.a(lib_a-makebuf.o)
 .data          0x3000c0d4      0x410 /opt/CodeSourcery/Sourcery_G++_Lite/arm-none-eabi/lib/libc.a(lib_a-mallocr.o)
                0x3000c0d4                __malloc_av_
                0x3000c4dc                __malloc_sbrk_base
                0x3000c4e0                __malloc_trim_threshold
 .data          0x3000c4e4        0x0 /opt/CodeSourcery/Sourcery_G++_Lite/arm-none-eabi/lib/libc.a(lib_a-memchr.o)
 .data          0x3000c4e4        0x0 /opt/CodeSourcery/Sourcery_G++_Lite/arm-none-eabi/lib/libc.a(lib_a-memcpy.o)
 .data          0x3000c4e4        0x0 /opt/CodeSourcery/Sourcery_G++_Lite/arm-none-eabi/lib/libc.a(lib_a-memmove.o)
 .data          0x3000c4e4        0x0 /opt/CodeSourcery/Sourcery_G++_Lite/arm-none-eabi/lib/libc.a(lib_a-mlock.o)
 .data          0x3000c4e4        0x0 /opt/CodeSourcery/Sourcery_G++_Lite/arm-none-eabi/lib/libc.a(lib_a-mprec.o)
 .data          0x3000c4e4        0x0 /opt/CodeSourcery/Sourcery_G++_Lite/arm-none-eabi/lib/libc.a(lib_a-putc.o)
 .data          0x3000c4e4        0x0 /opt/CodeSourcery/Sourcery_G++_Lite/arm-none-eabi/lib/libc.a(lib_a-reallocr.o)
 .data          0x3000c4e4        0x0 /opt/CodeSourcery/Sourcery_G++_Lite/arm-none-eabi/lib/libc.a(lib_a-s_fpclassify.o)
 .data          0x3000c4e4        0x0 /opt/CodeSourcery/Sourcery_G++_Lite/arm-none-eabi/lib/libc.a(lib_a-stdio.o)
 .data          0x3000c4e4        0x0 /opt/CodeSourcery/Sourcery_G++_Lite/arm-none-eabi/lib/libc.a(lib_a-strcmp.o)
 .data          0x3000c4e4        0x0 /opt/CodeSourcery/Sourcery_G++_Lite/arm-none-eabi/lib/libc.a(lib_a-vfiprintf.o)
 .data          0x3000c4e4        0x0 /opt/CodeSourcery/Sourcery_G++_Lite/arm-none-eabi/lib/libc.a(lib_a-wbuf.o)
 .data          0x3000c4e4        0x0 /opt/CodeSourcery/Sourcery_G++_Lite/arm-none-eabi/lib/libc.a(lib_a-callocr.o)
 .data          0x3000c4e4        0x0 /opt/CodeSourcery/Sourcery_G++_Lite/arm-none-eabi/lib/libc.a(lib_a-fclose.o)
 .data          0x3000c4e4        0x0 /opt/CodeSourcery/Sourcery_G++_Lite/arm-none-eabi/lib/libc.a(lib_a-fputwc.o)
 .data          0x3000c4e4        0x0 /opt/CodeSourcery/Sourcery_G++_Lite/arm-none-eabi/lib/libc.a(lib_a-wcrtomb.o)
 .data          0x3000c4e4        0x4 /opt/CodeSourcery/Sourcery_G++_Lite/arm-none-eabi/lib/libc.a(lib_a-wctomb_r.o)
                0x3000c4e4                __wctomb
 .data          0x3000c4e8        0x0 /opt/CodeSourcery/Sourcery_G++_Lite/lib/gcc/arm-none-eabi/4.5.2/libgcc.a(_udivsi3.o)
 .data          0x3000c4e8        0x0 /opt/CodeSourcery/Sourcery_G++_Lite/lib/gcc/arm-none-eabi/4.5.2/libgcc.a(_dvmd_tls.o)
 .data          0x3000c4e8        0x0 /opt/CodeSourcery/Sourcery_G++_Lite/lib/gcc/arm-none-eabi/4.5.2/libgcc.a(_arm_addsubdf3.o)
 .data          0x3000c4e8        0x0 /opt/CodeSourcery/Sourcery_G++_Lite/lib/gcc/arm-none-eabi/4.5.2/libgcc.a(_arm_muldivdf3.o)
 .data          0x3000c4e8        0x0 /opt/CodeSourcery/Sourcery_G++_Lite/lib/gcc/arm-none-eabi/4.5.2/libgcc.a(_arm_cmpdf2.o)
 .data          0x3000c4e8        0x0 /opt/CodeSourcery/Sourcery_G++_Lite/lib/gcc/arm-none-eabi/4.5.2/libgcc.a(_arm_fixdfsi.o)
 .data          0x3000c4e8        0x0 /opt/CodeSourcery/Sourcery_G++_Lite/lib/gcc/arm-none-eabi/4.5.2/libgcc.a(_arm_fixunsdfsi.o)
 .data          0x3000c4e8        0x0 /opt/CodeSourcery/Sourcery_G++_Lite/lib/gcc/arm-none-eabi/4.5.2/libgcc.a(_aeabi_uldivmod.o)
 .data          0x3000c4e8        0x0 /opt/CodeSourcery/Sourcery_G++_Lite/lib/gcc/arm-none-eabi/4.5.2/libgcc.a(bpabi.o)
 .data          0x3000c4e8        0x0 /opt/CodeSourcery/Sourcery_G++_Lite/lib/gcc/arm-none-eabi/4.5.2/libgcc.a(_divdi3.o)
 .data          0x3000c4e8        0x0 /opt/CodeSourcery/Sourcery_G++_Lite/lib/gcc/arm-none-eabi/4.5.2/libgcc.a(_udivdi3.o)
 .data          0x3000c4e8        0x0 /opt/CodeSourcery/Sourcery_G++_Lite/lib/gcc/arm-none-eabi/4.5.2/libgcc.a(_clzsi2.o)
 *(.data.*)
                0x3000c4e8                . = ALIGN (0x8)
                0x3000c4e8                __DATA_END__ = .

.bss            0x3000c4e8       0x48
                0x3000c4e8                __BSS_START__ = .
 *(.bss)
 .bss           0x3000c4e8        0x0 14/UserMain14.o
 .bss           0x3000c4e8        0x0 /home/user/Desktop/EmbeddedC/src/startup/Main.o
 .bss           0x3000c4e8        0x0 /home/user/Desktop/EmbeddedC/src/startup/s3c2450_startup.o
 .bss           0x3000c4e8        0x0 /home/user/Desktop/EmbeddedC/src/lib2450/libc.o
 .bss           0x3000c4e8        0x0 /home/user/Desktop/EmbeddedC/src/lib2450/libs.o
 .bss           0x3000c4e8        0x4 /home/user/Desktop/EmbeddedC/src/lib2450/syscall.o
 .bss           0x3000c4ec        0x0 /home/user/Desktop/EmbeddedC/src/lib2450/Timer.o
 .bss           0x3000c4ec        0x0 /home/user/Desktop/EmbeddedC/src/lib2450/Uart.o
 .bss           0x3000c4ec        0x0 /opt/CodeSourcery/Sourcery_G++_Lite/arm-none-eabi/lib/libc.a(lib_a-errno.o)
 .bss           0x3000c4ec        0x0 /opt/CodeSourcery/Sourcery_G++_Lite/arm-none-eabi/lib/libc.a(lib_a-impure.o)
 .bss           0x3000c4ec        0x0 /opt/CodeSourcery/Sourcery_G++_Lite/arm-none-eabi/lib/libc.a(lib_a-memset.o)
 .bss           0x3000c4ec        0x0 /opt/CodeSourcery/Sourcery_G++_Lite/arm-none-eabi/lib/libc.a(lib_a-printf.o)
 .bss           0x3000c4ec        0x0 /opt/CodeSourcery/Sourcery_G++_Lite/arm-none-eabi/lib/libc.a(lib_a-putchar.o)
 .bss           0x3000c4ec        0x0 /opt/CodeSourcery/Sourcery_G++_Lite/arm-none-eabi/lib/libc.a(lib_a-puts.o)
 .bss           0x3000c4ec        0x0 /opt/CodeSourcery/Sourcery_G++_Lite/arm-none-eabi/lib/libc.a(lib_a-vfprintf.o)
 .bss           0x3000c4ec        0x0 /opt/CodeSourcery/Sourcery_G++_Lite/arm-none-eabi/lib/libc.a(lib_a-wsetup.o)
 .bss           0x3000c4ec        0x0 /opt/CodeSourcery/Sourcery_G++_Lite/arm-none-eabi/lib/libc.a(lib_a-dtoa.o)
 .bss           0x3000c4ec        0x0 /opt/CodeSourcery/Sourcery_G++_Lite/arm-none-eabi/lib/libc.a(lib_a-fflush.o)
 .bss           0x3000c4ec        0x0 /opt/CodeSourcery/Sourcery_G++_Lite/arm-none-eabi/lib/libc.a(lib_a-findfp.o)
 .bss           0x3000c4ec        0x0 /opt/CodeSourcery/Sourcery_G++_Lite/arm-none-eabi/lib/libc.a(lib_a-freer.o)
 .bss           0x3000c4ec        0x0 /opt/CodeSourcery/Sourcery_G++_Lite/arm-none-eabi/lib/libc.a(lib_a-fvwrite.o)
 .bss           0x3000c4ec        0x0 /opt/CodeSourcery/Sourcery_G++_Lite/arm-none-eabi/lib/libc.a(lib_a-fwalk.o)
 .bss           0x3000c4ec        0xc /opt/CodeSourcery/Sourcery_G++_Lite/arm-none-eabi/lib/libc.a(lib_a-locale.o)
                0x3000c4ec                __nlocale_changed
                0x3000c4f0                __mlocale_changed
                0x3000c4f4                _PathLocale
 .bss           0x3000c4f8        0x0 /opt/CodeSourcery/Sourcery_G++_Lite/arm-none-eabi/lib/libc.a(lib_a-makebuf.o)
 .bss           0x3000c4f8       0x34 /opt/CodeSourcery/Sourcery_G++_Lite/arm-none-eabi/lib/libc.a(lib_a-mallocr.o)
                0x3000c4f8                __malloc_top_pad
                0x3000c4fc                __malloc_current_mallinfo
                0x3000c524                __malloc_max_sbrked_mem
                0x3000c528                __malloc_max_total_mem
 .bss           0x3000c52c        0x0 /opt/CodeSourcery/Sourcery_G++_Lite/arm-none-eabi/lib/libc.a(lib_a-memchr.o)
 .bss           0x3000c52c        0x0 /opt/CodeSourcery/Sourcery_G++_Lite/arm-none-eabi/lib/libc.a(lib_a-memcpy.o)
 .bss           0x3000c52c        0x0 /opt/CodeSourcery/Sourcery_G++_Lite/arm-none-eabi/lib/libc.a(lib_a-memmove.o)
 .bss           0x3000c52c        0x0 /opt/CodeSourcery/Sourcery_G++_Lite/arm-none-eabi/lib/libc.a(lib_a-mlock.o)
 .bss           0x3000c52c        0x0 /opt/CodeSourcery/Sourcery_G++_Lite/arm-none-eabi/lib/libc.a(lib_a-mprec.o)
 .bss           0x3000c52c        0x0 /opt/CodeSourcery/Sourcery_G++_Lite/arm-none-eabi/lib/libc.a(lib_a-putc.o)
 .bss           0x3000c52c        0x0 /opt/CodeSourcery/Sourcery_G++_Lite/arm-none-eabi/lib/libc.a(lib_a-reallocr.o)
 .bss           0x3000c52c        0x0 /opt/CodeSourcery/Sourcery_G++_Lite/arm-none-eabi/lib/libc.a(lib_a-s_fpclassify.o)
 .bss           0x3000c52c        0x0 /opt/CodeSourcery/Sourcery_G++_Lite/arm-none-eabi/lib/libc.a(lib_a-stdio.o)
 .bss           0x3000c52c        0x0 /opt/CodeSourcery/Sourcery_G++_Lite/arm-none-eabi/lib/libc.a(lib_a-strcmp.o)
 .bss           0x3000c52c        0x0 /opt/CodeSourcery/Sourcery_G++_Lite/arm-none-eabi/lib/libc.a(lib_a-vfiprintf.o)
 .bss           0x3000c52c        0x0 /opt/CodeSourcery/Sourcery_G++_Lite/arm-none-eabi/lib/libc.a(lib_a-wbuf.o)
 .bss           0x3000c52c        0x0 /opt/CodeSourcery/Sourcery_G++_Lite/arm-none-eabi/lib/libc.a(lib_a-callocr.o)
 .bss           0x3000c52c        0x0 /opt/CodeSourcery/Sourcery_G++_Lite/arm-none-eabi/lib/libc.a(lib_a-fclose.o)
 .bss           0x3000c52c        0x0 /opt/CodeSourcery/Sourcery_G++_Lite/arm-none-eabi/lib/libc.a(lib_a-fputwc.o)
 .bss           0x3000c52c        0x0 /opt/CodeSourcery/Sourcery_G++_Lite/arm-none-eabi/lib/libc.a(lib_a-wcrtomb.o)
 .bss           0x3000c52c        0x0 /opt/CodeSourcery/Sourcery_G++_Lite/arm-none-eabi/lib/libc.a(lib_a-wctomb_r.o)
 .bss           0x3000c52c        0x0 /opt/CodeSourcery/Sourcery_G++_Lite/lib/gcc/arm-none-eabi/4.5.2/libgcc.a(_udivsi3.o)
 .bss           0x3000c52c        0x0 /opt/CodeSourcery/Sourcery_G++_Lite/lib/gcc/arm-none-eabi/4.5.2/libgcc.a(_dvmd_tls.o)
 .bss           0x3000c52c        0x0 /opt/CodeSourcery/Sourcery_G++_Lite/lib/gcc/arm-none-eabi/4.5.2/libgcc.a(_arm_addsubdf3.o)
 .bss           0x3000c52c        0x0 /opt/CodeSourcery/Sourcery_G++_Lite/lib/gcc/arm-none-eabi/4.5.2/libgcc.a(_arm_muldivdf3.o)
 .bss           0x3000c52c        0x0 /opt/CodeSourcery/Sourcery_G++_Lite/lib/gcc/arm-none-eabi/4.5.2/libgcc.a(_arm_cmpdf2.o)
 .bss           0x3000c52c        0x0 /opt/CodeSourcery/Sourcery_G++_Lite/lib/gcc/arm-none-eabi/4.5.2/libgcc.a(_arm_fixdfsi.o)
 .bss           0x3000c52c        0x0 /opt/CodeSourcery/Sourcery_G++_Lite/lib/gcc/arm-none-eabi/4.5.2/libgcc.a(_arm_fixunsdfsi.o)
 .bss           0x3000c52c        0x0 /opt/CodeSourcery/Sourcery_G++_Lite/lib/gcc/arm-none-eabi/4.5.2/libgcc.a(_aeabi_uldivmod.o)
 .bss           0x3000c52c        0x0 /opt/CodeSourcery/Sourcery_G++_Lite/lib/gcc/arm-none-eabi/4.5.2/libgcc.a(bpabi.o)
 .bss           0x3000c52c        0x0 /opt/CodeSourcery/Sourcery_G++_Lite/lib/gcc/arm-none-eabi/4.5.2/libgcc.a(_divdi3.o)
 .bss           0x3000c52c        0x0 /opt/CodeSourcery/Sourcery_G++_Lite/lib/gcc/arm-none-eabi/4.5.2/libgcc.a(_udivdi3.o)
 .bss           0x3000c52c        0x0 /opt/CodeSourcery/Sourcery_G++_Lite/lib/gcc/arm-none-eabi/4.5.2/libgcc.a(_clzsi2.o)
 *(.bss.*)
 *(COMMON)
                0x3000c530                . = ALIGN (0x8)
 *fill*         0x3000c52c        0x4 00
                0x3000c530                __BSS_END__ = .

.heap           0x3000c530   0x200000
                0x3000c530                . = ALIGN (0x10)
 *fill*         0x3000c530        0x0 00
                0x3000c530                _heap = .
                0x3000c530                HeapBase = .
                0x3000c530                _heap_start = .
                0x3000c530                _start_heap = .
                0x3020c530                . = (. + _HEAP_SIZE)
 *fill*         0x3000c530   0x200000 00
                0x3020c530                _heap_end = .
                0x3020c530                HeapLimit = .
                0x3000c530                PROVIDE (__cs3_heap_start, _start_heap)
                0x3020c530                _end = .
                0x3020c530                __end = .
                0x3020c530                PROVIDE (end, .)
LOAD 14/UserMain14.o
LOAD /home/user/Desktop/EmbeddedC/src/startup/Main.o
LOAD /home/user/Desktop/EmbeddedC/src/startup/s3c2450_startup.o
LOAD /home/user/Desktop/EmbeddedC/src/lib2450/libc.o
LOAD /home/user/Desktop/EmbeddedC/src/lib2450/libs.o
LOAD /home/user/Desktop/EmbeddedC/src/lib2450/syscall.o
LOAD /home/user/Desktop/EmbeddedC/src/lib2450/Timer.o
LOAD /home/user/Desktop/EmbeddedC/src/lib2450/Uart.o
LOAD /opt/CodeSourcery/Sourcery_G++_Lite/arm-none-eabi/lib/libm.a
LOAD /opt/CodeSourcery/Sourcery_G++_Lite/arm-none-eabi/lib/libc.a
LOAD /opt/CodeSourcery/Sourcery_G++_Lite/lib/gcc/arm-none-eabi/4.5.2/libgcc.a
OUTPUT(./14/14.elf elf32-littlearm)

.debug_abbrev   0x00000000      0x560
 .debug_abbrev  0x00000000       0x6a 14/UserMain14.o
 .debug_abbrev  0x0000006a       0x41 /home/user/Desktop/EmbeddedC/src/startup/Main.o
 .debug_abbrev  0x000000ab       0x14 /home/user/Desktop/EmbeddedC/src/startup/s3c2450_startup.o
 .debug_abbrev  0x000000bf      0x15c /home/user/Desktop/EmbeddedC/src/lib2450/libc.o
 .debug_abbrev  0x0000021b       0x14 /home/user/Desktop/EmbeddedC/src/lib2450/libs.o
 .debug_abbrev  0x0000022f      0x20e /home/user/Desktop/EmbeddedC/src/lib2450/syscall.o
 .debug_abbrev  0x0000043d       0x54 /home/user/Desktop/EmbeddedC/src/lib2450/Timer.o
 .debug_abbrev  0x00000491       0xcf /home/user/Desktop/EmbeddedC/src/lib2450/Uart.o

.debug_info     0x00000000     0x1612
 .debug_info    0x00000000      0x101 14/UserMain14.o
 .debug_info    0x00000101       0x8c /home/user/Desktop/EmbeddedC/src/startup/Main.o
 .debug_info    0x0000018d       0x64 /home/user/Desktop/EmbeddedC/src/startup/s3c2450_startup.o
 .debug_info    0x000001f1      0x31e /home/user/Desktop/EmbeddedC/src/lib2450/libc.o
 .debug_info    0x0000050f       0x59 /home/user/Desktop/EmbeddedC/src/lib2450/libs.o
 .debug_info    0x00000568      0xd8d /home/user/Desktop/EmbeddedC/src/lib2450/syscall.o
 .debug_info    0x000012f5       0x6f /home/user/Desktop/EmbeddedC/src/lib2450/Timer.o
 .debug_info    0x00001364      0x2ae /home/user/Desktop/EmbeddedC/src/lib2450/Uart.o

.debug_line     0x00000000      0x66d
 .debug_line    0x00000000       0x55 14/UserMain14.o
 .debug_line    0x00000055       0x3d /home/user/Desktop/EmbeddedC/src/startup/Main.o
 .debug_line    0x00000092       0xad /home/user/Desktop/EmbeddedC/src/startup/s3c2450_startup.o
 .debug_line    0x0000013f      0x123 /home/user/Desktop/EmbeddedC/src/lib2450/libc.o
 .debug_line    0x00000262      0x113 /home/user/Desktop/EmbeddedC/src/lib2450/libs.o
 .debug_line    0x00000375      0x16c /home/user/Desktop/EmbeddedC/src/lib2450/syscall.o
 .debug_line    0x000004e1       0x44 /home/user/Desktop/EmbeddedC/src/lib2450/Timer.o
 .debug_line    0x00000525      0x148 /home/user/Desktop/EmbeddedC/src/lib2450/Uart.o

.debug_loc      0x00000000      0x431
 .debug_loc     0x00000000       0x78 14/UserMain14.o
 .debug_loc     0x00000078       0x20 /home/user/Desktop/EmbeddedC/src/startup/Main.o
 .debug_loc     0x00000098      0x124 /home/user/Desktop/EmbeddedC/src/lib2450/libc.o
 .debug_loc     0x000001bc      0x124 /home/user/Desktop/EmbeddedC/src/lib2450/syscall.o
 .debug_loc     0x000002e0       0x20 /home/user/Desktop/EmbeddedC/src/lib2450/Timer.o
 .debug_loc     0x00000300      0x131 /home/user/Desktop/EmbeddedC/src/lib2450/Uart.o

.debug_pubnames
                0x00000000      0x286
 .debug_pubnames
                0x00000000       0x30 14/UserMain14.o
 .debug_pubnames
                0x00000030       0x1b /home/user/Desktop/EmbeddedC/src/startup/Main.o
 .debug_pubnames
                0x0000004b       0xcc /home/user/Desktop/EmbeddedC/src/lib2450/libc.o
 .debug_pubnames
                0x00000117       0x84 /home/user/Desktop/EmbeddedC/src/lib2450/syscall.o
 .debug_pubnames
                0x0000019b       0x22 /home/user/Desktop/EmbeddedC/src/lib2450/Timer.o
 .debug_pubnames
                0x000001bd       0xc9 /home/user/Desktop/EmbeddedC/src/lib2450/Uart.o

.debug_pubtypes
                0x00000000      0x1bd
 .debug_pubtypes
                0x00000000       0x12 14/UserMain14.o
 .debug_pubtypes
                0x00000012       0x12 /home/user/Desktop/EmbeddedC/src/startup/Main.o
 .debug_pubtypes
                0x00000024       0x12 /home/user/Desktop/EmbeddedC/src/lib2450/libc.o
 .debug_pubtypes
                0x00000036      0x175 /home/user/Desktop/EmbeddedC/src/lib2450/syscall.o
 .debug_pubtypes
                0x000001ab       0x12 /home/user/Desktop/EmbeddedC/src/lib2450/Uart.o

.debug_aranges  0x00000000      0x100
 .debug_aranges
                0x00000000       0x20 14/UserMain14.o
 .debug_aranges
                0x00000020       0x20 /home/user/Desktop/EmbeddedC/src/startup/Main.o
 .debug_aranges
                0x00000040       0x20 /home/user/Desktop/EmbeddedC/src/startup/s3c2450_startup.o
 .debug_aranges
                0x00000060       0x20 /home/user/Desktop/EmbeddedC/src/lib2450/libc.o
 .debug_aranges
                0x00000080       0x20 /home/user/Desktop/EmbeddedC/src/lib2450/libs.o
 .debug_aranges
                0x000000a0       0x20 /home/user/Desktop/EmbeddedC/src/lib2450/syscall.o
 .debug_aranges
                0x000000c0       0x20 /home/user/Desktop/EmbeddedC/src/lib2450/Timer.o
 .debug_aranges
                0x000000e0       0x20 /home/user/Desktop/EmbeddedC/src/lib2450/Uart.o

.debug_str      0x00000000      0x790
 .debug_str     0x00000000       0x97 14/UserMain14.o
                                 0xd0 (size before relaxing)
 .debug_str     0x00000097       0x35 /home/user/Desktop/EmbeddedC/src/startup/Main.o
                                 0xca (size before relaxing)
 .debug_str     0x000000cc       0xea /home/user/Desktop/EmbeddedC/src/lib2450/libc.o
                                0x195 (size before relaxing)
 .debug_str     0x000001b6      0x510 /home/user/Desktop/EmbeddedC/src/lib2450/syscall.o
                                0x610 (size before relaxing)
 .debug_str     0x000006c6       0x19 /home/user/Desktop/EmbeddedC/src/lib2450/Timer.o
                                 0x4e (size before relaxing)
 .debug_str     0x000006df       0xb1 /home/user/Desktop/EmbeddedC/src/lib2450/Uart.o
                                0x11d (size before relaxing)

.comment        0x00000000       0x2a
 .comment       0x00000000       0x2a 14/UserMain14.o
                                 0x2b (size before relaxing)
 .comment       0x00000000       0x2b /home/user/Desktop/EmbeddedC/src/startup/Main.o
 .comment       0x00000000       0x2b /home/user/Desktop/EmbeddedC/src/lib2450/libc.o
 .comment       0x00000000       0x2b /home/user/Desktop/EmbeddedC/src/lib2450/syscall.o
 .comment       0x00000000       0x2b /home/user/Desktop/EmbeddedC/src/lib2450/Timer.o
 .comment       0x00000000       0x2b /home/user/Desktop/EmbeddedC/src/lib2450/Uart.o

.ARM.attributes
                0x00000000       0x32
 .ARM.attributes
                0x00000000       0x34 14/UserMain14.o
 .ARM.attributes
                0x00000034       0x34 /home/user/Desktop/EmbeddedC/src/startup/Main.o
 .ARM.attributes
                0x00000068       0x24 /home/user/Desktop/EmbeddedC/src/startup/s3c2450_startup.o
 .ARM.attributes
                0x0000008c       0x34 /home/user/Desktop/EmbeddedC/src/lib2450/libc.o
 .ARM.attributes
                0x000000c0       0x24 /home/user/Desktop/EmbeddedC/src/lib2450/libs.o
 .ARM.attributes
                0x000000e4       0x34 /home/user/Desktop/EmbeddedC/src/lib2450/syscall.o
 .ARM.attributes
                0x00000118       0x34 /home/user/Desktop/EmbeddedC/src/lib2450/Timer.o
 .ARM.attributes
                0x0000014c       0x34 /home/user/Desktop/EmbeddedC/src/lib2450/Uart.o
 .ARM.attributes
                0x00000180       0x34 /opt/CodeSourcery/Sourcery_G++_Lite/arm-none-eabi/lib/libc.a(lib_a-errno.o)
 .ARM.attributes
                0x000001b4       0x34 /opt/CodeSourcery/Sourcery_G++_Lite/arm-none-eabi/lib/libc.a(lib_a-impure.o)
 .ARM.attributes
                0x000001e8       0x34 /opt/CodeSourcery/Sourcery_G++_Lite/arm-none-eabi/lib/libc.a(lib_a-memset.o)
 .ARM.attributes
                0x0000021c       0x34 /opt/CodeSourcery/Sourcery_G++_Lite/arm-none-eabi/lib/libc.a(lib_a-printf.o)
 .ARM.attributes
                0x00000250       0x34 /opt/CodeSourcery/Sourcery_G++_Lite/arm-none-eabi/lib/libc.a(lib_a-putchar.o)
 .ARM.attributes
                0x00000284       0x34 /opt/CodeSourcery/Sourcery_G++_Lite/arm-none-eabi/lib/libc.a(lib_a-puts.o)
 .ARM.attributes
                0x000002b8       0x34 /opt/CodeSourcery/Sourcery_G++_Lite/arm-none-eabi/lib/libc.a(lib_a-vfprintf.o)
 .ARM.attributes
                0x000002ec       0x34 /opt/CodeSourcery/Sourcery_G++_Lite/arm-none-eabi/lib/libc.a(lib_a-wsetup.o)
 .ARM.attributes
                0x00000320       0x34 /opt/CodeSourcery/Sourcery_G++_Lite/arm-none-eabi/lib/libc.a(lib_a-dtoa.o)
 .ARM.attributes
                0x00000354       0x34 /opt/CodeSourcery/Sourcery_G++_Lite/arm-none-eabi/lib/libc.a(lib_a-fflush.o)
 .ARM.attributes
                0x00000388       0x34 /opt/CodeSourcery/Sourcery_G++_Lite/arm-none-eabi/lib/libc.a(lib_a-findfp.o)
 .ARM.attributes
                0x000003bc       0x34 /opt/CodeSourcery/Sourcery_G++_Lite/arm-none-eabi/lib/libc.a(lib_a-freer.o)
 .ARM.attributes
                0x000003f0       0x34 /opt/CodeSourcery/Sourcery_G++_Lite/arm-none-eabi/lib/libc.a(lib_a-fvwrite.o)
 .ARM.attributes
                0x00000424       0x34 /opt/CodeSourcery/Sourcery_G++_Lite/arm-none-eabi/lib/libc.a(lib_a-fwalk.o)
 .ARM.attributes
                0x00000458       0x34 /opt/CodeSourcery/Sourcery_G++_Lite/arm-none-eabi/lib/libc.a(lib_a-locale.o)
 .ARM.attributes
                0x0000048c       0x34 /opt/CodeSourcery/Sourcery_G++_Lite/arm-none-eabi/lib/libc.a(lib_a-makebuf.o)
 .ARM.attributes
                0x000004c0       0x34 /opt/CodeSourcery/Sourcery_G++_Lite/arm-none-eabi/lib/libc.a(lib_a-mallocr.o)
 .ARM.attributes
                0x000004f4       0x34 /opt/CodeSourcery/Sourcery_G++_Lite/arm-none-eabi/lib/libc.a(lib_a-memchr.o)
 .ARM.attributes
                0x00000528       0x34 /opt/CodeSourcery/Sourcery_G++_Lite/arm-none-eabi/lib/libc.a(lib_a-memcpy.o)
 .ARM.attributes
                0x0000055c       0x34 /opt/CodeSourcery/Sourcery_G++_Lite/arm-none-eabi/lib/libc.a(lib_a-memmove.o)
 .ARM.attributes
                0x00000590       0x34 /opt/CodeSourcery/Sourcery_G++_Lite/arm-none-eabi/lib/libc.a(lib_a-mlock.o)
 .ARM.attributes
                0x000005c4       0x34 /opt/CodeSourcery/Sourcery_G++_Lite/arm-none-eabi/lib/libc.a(lib_a-mprec.o)
 .ARM.attributes
                0x000005f8       0x34 /opt/CodeSourcery/Sourcery_G++_Lite/arm-none-eabi/lib/libc.a(lib_a-putc.o)
 .ARM.attributes
                0x0000062c       0x34 /opt/CodeSourcery/Sourcery_G++_Lite/arm-none-eabi/lib/libc.a(lib_a-reallocr.o)
 .ARM.attributes
                0x00000660       0x34 /opt/CodeSourcery/Sourcery_G++_Lite/arm-none-eabi/lib/libc.a(lib_a-s_fpclassify.o)
 .ARM.attributes
                0x00000694       0x34 /opt/CodeSourcery/Sourcery_G++_Lite/arm-none-eabi/lib/libc.a(lib_a-stdio.o)
 .ARM.attributes
                0x000006c8       0x34 /opt/CodeSourcery/Sourcery_G++_Lite/arm-none-eabi/lib/libc.a(lib_a-strcmp.o)
 .ARM.attributes
                0x000006fc       0x34 /opt/CodeSourcery/Sourcery_G++_Lite/arm-none-eabi/lib/libc.a(lib_a-vfiprintf.o)
 .ARM.attributes
                0x00000730       0x34 /opt/CodeSourcery/Sourcery_G++_Lite/arm-none-eabi/lib/libc.a(lib_a-wbuf.o)
 .ARM.attributes
                0x00000764       0x34 /opt/CodeSourcery/Sourcery_G++_Lite/arm-none-eabi/lib/libc.a(lib_a-callocr.o)
 .ARM.attributes
                0x00000798       0x34 /opt/CodeSourcery/Sourcery_G++_Lite/arm-none-eabi/lib/libc.a(lib_a-fclose.o)
 .ARM.attributes
                0x000007cc       0x34 /opt/CodeSourcery/Sourcery_G++_Lite/arm-none-eabi/lib/libc.a(lib_a-fputwc.o)
 .ARM.attributes
                0x00000800       0x34 /opt/CodeSourcery/Sourcery_G++_Lite/arm-none-eabi/lib/libc.a(lib_a-wcrtomb.o)
 .ARM.attributes
                0x00000834       0x34 /opt/CodeSourcery/Sourcery_G++_Lite/arm-none-eabi/lib/libc.a(lib_a-wctomb_r.o)
 .ARM.attributes
                0x00000868       0x1a /opt/CodeSourcery/Sourcery_G++_Lite/lib/gcc/arm-none-eabi/4.5.2/libgcc.a(_udivsi3.o)
 .ARM.attributes
                0x00000882       0x18 /opt/CodeSourcery/Sourcery_G++_Lite/lib/gcc/arm-none-eabi/4.5.2/libgcc.a(_dvmd_tls.o)
 .ARM.attributes
                0x0000089a       0x1a /opt/CodeSourcery/Sourcery_G++_Lite/lib/gcc/arm-none-eabi/4.5.2/libgcc.a(_arm_addsubdf3.o)
 .ARM.attributes
                0x000008b4       0x1a /opt/CodeSourcery/Sourcery_G++_Lite/lib/gcc/arm-none-eabi/4.5.2/libgcc.a(_arm_muldivdf3.o)
 .ARM.attributes
                0x000008ce       0x1a /opt/CodeSourcery/Sourcery_G++_Lite/lib/gcc/arm-none-eabi/4.5.2/libgcc.a(_arm_cmpdf2.o)
 .ARM.attributes
                0x000008e8       0x1a /opt/CodeSourcery/Sourcery_G++_Lite/lib/gcc/arm-none-eabi/4.5.2/libgcc.a(_arm_fixdfsi.o)
 .ARM.attributes
                0x00000902       0x1a /opt/CodeSourcery/Sourcery_G++_Lite/lib/gcc/arm-none-eabi/4.5.2/libgcc.a(_arm_fixunsdfsi.o)
 .ARM.attributes
                0x0000091c       0x1a /opt/CodeSourcery/Sourcery_G++_Lite/lib/gcc/arm-none-eabi/4.5.2/libgcc.a(_aeabi_uldivmod.o)
 .ARM.attributes
                0x00000936       0x34 /opt/CodeSourcery/Sourcery_G++_Lite/lib/gcc/arm-none-eabi/4.5.2/libgcc.a(bpabi.o)
 .ARM.attributes
                0x0000096a       0x34 /opt/CodeSourcery/Sourcery_G++_Lite/lib/gcc/arm-none-eabi/4.5.2/libgcc.a(_divdi3.o)
 .ARM.attributes
                0x0000099e       0x34 /opt/CodeSourcery/Sourcery_G++_Lite/lib/gcc/arm-none-eabi/4.5.2/libgcc.a(_udivdi3.o)
 .ARM.attributes
                0x000009d2       0x1a /opt/CodeSourcery/Sourcery_G++_Lite/lib/gcc/arm-none-eabi/4.5.2/libgcc.a(_clzsi2.o)

int_vect        0x00000000       0x24
                0x00000000                . = ALIGN (0x1)
                0x00000000                PROVIDE (__start_int_vect, ABSOLUTE (.))
 int_vect       0x00000000       0x24 /home/user/Desktop/EmbeddedC/src/startup/s3c2450_startup.o
                0x00000024                PROVIDE (__stop_int_vect, .)

.debug_frame    0x00000000     0x101c
 .debug_frame   0x00000000       0x60 14/UserMain14.o
 .debug_frame   0x00000060       0x28 /home/user/Desktop/EmbeddedC/src/startup/Main.o
 .debug_frame   0x00000088      0x104 /home/user/Desktop/EmbeddedC/src/lib2450/libc.o
 .debug_frame   0x0000018c       0xc8 /home/user/Desktop/EmbeddedC/src/lib2450/syscall.o
 .debug_frame   0x00000254       0x24 /home/user/Desktop/EmbeddedC/src/lib2450/Timer.o
 .debug_frame   0x00000278      0x100 /home/user/Desktop/EmbeddedC/src/lib2450/Uart.o
 .debug_frame   0x00000378       0x20 /opt/CodeSourcery/Sourcery_G++_Lite/arm-none-eabi/lib/libc.a(lib_a-errno.o)
 .debug_frame   0x00000398       0x28 /opt/CodeSourcery/Sourcery_G++_Lite/arm-none-eabi/lib/libc.a(lib_a-memset.o)
 .debug_frame   0x000003c0       0x58 /opt/CodeSourcery/Sourcery_G++_Lite/arm-none-eabi/lib/libc.a(lib_a-printf.o)
 .debug_frame   0x00000418       0x40 /opt/CodeSourcery/Sourcery_G++_Lite/arm-none-eabi/lib/libc.a(lib_a-putchar.o)
 .debug_frame   0x00000458       0x40 /opt/CodeSourcery/Sourcery_G++_Lite/arm-none-eabi/lib/libc.a(lib_a-puts.o)
 .debug_frame   0x00000498       0x58 /opt/CodeSourcery/Sourcery_G++_Lite/arm-none-eabi/lib/libc.a(lib_a-vfprintf.o)
 .debug_frame   0x000004f0       0x2c /opt/CodeSourcery/Sourcery_G++_Lite/arm-none-eabi/lib/libc.a(lib_a-wsetup.o)
 .debug_frame   0x0000051c       0x64 /opt/CodeSourcery/Sourcery_G++_Lite/arm-none-eabi/lib/libc.a(lib_a-dtoa.o)
 .debug_frame   0x00000580       0x48 /opt/CodeSourcery/Sourcery_G++_Lite/arm-none-eabi/lib/libc.a(lib_a-fflush.o)
 .debug_frame   0x000005c8      0x12c /opt/CodeSourcery/Sourcery_G++_Lite/arm-none-eabi/lib/libc.a(lib_a-findfp.o)
 .debug_frame   0x000006f4       0x50 /opt/CodeSourcery/Sourcery_G++_Lite/arm-none-eabi/lib/libc.a(lib_a-freer.o)
 .debug_frame   0x00000744       0x3c /opt/CodeSourcery/Sourcery_G++_Lite/arm-none-eabi/lib/libc.a(lib_a-fvwrite.o)
 .debug_frame   0x00000780       0x58 /opt/CodeSourcery/Sourcery_G++_Lite/arm-none-eabi/lib/libc.a(lib_a-fwalk.o)
 .debug_frame   0x000007d8       0x98 /opt/CodeSourcery/Sourcery_G++_Lite/arm-none-eabi/lib/libc.a(lib_a-locale.o)
 .debug_frame   0x00000870       0x34 /opt/CodeSourcery/Sourcery_G++_Lite/arm-none-eabi/lib/libc.a(lib_a-makebuf.o)
 .debug_frame   0x000008a4       0x3c /opt/CodeSourcery/Sourcery_G++_Lite/arm-none-eabi/lib/libc.a(lib_a-mallocr.o)
 .debug_frame   0x000008e0       0x2c /opt/CodeSourcery/Sourcery_G++_Lite/arm-none-eabi/lib/libc.a(lib_a-memchr.o)
 .debug_frame   0x0000090c       0x30 /opt/CodeSourcery/Sourcery_G++_Lite/arm-none-eabi/lib/libc.a(lib_a-memcpy.o)
 .debug_frame   0x0000093c       0x2c /opt/CodeSourcery/Sourcery_G++_Lite/arm-none-eabi/lib/libc.a(lib_a-memmove.o)
 .debug_frame   0x00000968       0x30 /opt/CodeSourcery/Sourcery_G++_Lite/arm-none-eabi/lib/libc.a(lib_a-mlock.o)
 .debug_frame   0x00000998      0x228 /opt/CodeSourcery/Sourcery_G++_Lite/arm-none-eabi/lib/libc.a(lib_a-mprec.o)
 .debug_frame   0x00000bc0       0x48 /opt/CodeSourcery/Sourcery_G++_Lite/arm-none-eabi/lib/libc.a(lib_a-putc.o)
 .debug_frame   0x00000c08       0x3c /opt/CodeSourcery/Sourcery_G++_Lite/arm-none-eabi/lib/libc.a(lib_a-reallocr.o)
 .debug_frame   0x00000c44       0x28 /opt/CodeSourcery/Sourcery_G++_Lite/arm-none-eabi/lib/libc.a(lib_a-s_fpclassify.o)
 .debug_frame   0x00000c6c       0x88 /opt/CodeSourcery/Sourcery_G++_Lite/arm-none-eabi/lib/libc.a(lib_a-stdio.o)
 .debug_frame   0x00000cf4       0x30 /opt/CodeSourcery/Sourcery_G++_Lite/arm-none-eabi/lib/libc.a(lib_a-strcmp.o)
 .debug_frame   0x00000d24       0x7c /opt/CodeSourcery/Sourcery_G++_Lite/arm-none-eabi/lib/libc.a(lib_a-vfiprintf.o)
 .debug_frame   0x00000da0       0x3c /opt/CodeSourcery/Sourcery_G++_Lite/arm-none-eabi/lib/libc.a(lib_a-wbuf.o)
 .debug_frame   0x00000ddc       0x28 /opt/CodeSourcery/Sourcery_G++_Lite/arm-none-eabi/lib/libc.a(lib_a-callocr.o)
 .debug_frame   0x00000e04       0x3c /opt/CodeSourcery/Sourcery_G++_Lite/arm-none-eabi/lib/libc.a(lib_a-fclose.o)
 .debug_frame   0x00000e40       0x54 /opt/CodeSourcery/Sourcery_G++_Lite/arm-none-eabi/lib/libc.a(lib_a-fputwc.o)
 .debug_frame   0x00000e94       0x5c /opt/CodeSourcery/Sourcery_G++_Lite/arm-none-eabi/lib/libc.a(lib_a-wcrtomb.o)
 .debug_frame   0x00000ef0       0x44 /opt/CodeSourcery/Sourcery_G++_Lite/arm-none-eabi/lib/libc.a(lib_a-wctomb_r.o)
 .debug_frame   0x00000f34       0x20 /opt/CodeSourcery/Sourcery_G++_Lite/lib/gcc/arm-none-eabi/4.5.2/libgcc.a(_udivsi3.o)
 .debug_frame   0x00000f54       0x50 /opt/CodeSourcery/Sourcery_G++_Lite/lib/gcc/arm-none-eabi/4.5.2/libgcc.a(bpabi.o)
 .debug_frame   0x00000fa4       0x3c /opt/CodeSourcery/Sourcery_G++_Lite/lib/gcc/arm-none-eabi/4.5.2/libgcc.a(_divdi3.o)
 .debug_frame   0x00000fe0       0x3c /opt/CodeSourcery/Sourcery_G++_Lite/lib/gcc/arm-none-eabi/4.5.2/libgcc.a(_udivdi3.o)

Cross Reference Table

Symbol                                            File
CLR_IF                                            /home/user/Desktop/EmbeddedC/src/lib2450/libs.o
CONDITIONAL_EXECUTE                               /home/user/Desktop/EmbeddedC/src/lib2450/libs.o
ChangeRomCacheStatus                              /home/user/Desktop/EmbeddedC/src/lib2450/libc.o
DATA_PROCESS1                                     /home/user/Desktop/EmbeddedC/src/lib2450/libs.o
DATA_PROCESS2                                     /home/user/Desktop/EmbeddedC/src/lib2450/libs.o
Ex1                                               14/UserMain14.o
Ex2                                               14/UserMain14.o
GRT_COM_MES                                       /home/user/Desktop/EmbeddedC/src/lib2450/libs.o
HOW_TO_RETURN                                     /home/user/Desktop/EmbeddedC/src/lib2450/libs.o
IsrIRQ                                            /home/user/Desktop/EmbeddedC/src/startup/s3c2450_startup.o
Led_Display                                       /home/user/Desktop/EmbeddedC/src/lib2450/libc.o
Led_Port_Init                                     /home/user/Desktop/EmbeddedC/src/lib2450/libc.o
MEMCPY                                            /home/user/Desktop/EmbeddedC/src/lib2450/libs.o
MEMCPY_MULTIPLE                                   /home/user/Desktop/EmbeddedC/src/lib2450/libs.o
MEMCPY_SINGLE                                     /home/user/Desktop/EmbeddedC/src/lib2450/libs.o
MMU_CleanDCacheIndex                              /home/user/Desktop/EmbeddedC/src/lib2450/libs.o
MMU_CleanDCacheMVA                                /home/user/Desktop/EmbeddedC/src/lib2450/libs.o
MMU_CleanInvalidateDCacheIndex                    /home/user/Desktop/EmbeddedC/src/lib2450/libs.o
                                                  /home/user/Desktop/EmbeddedC/src/lib2450/libc.o
MMU_CleanInvalidateDCacheMVA                      /home/user/Desktop/EmbeddedC/src/lib2450/libs.o
MMU_DisableAlignFault                             /home/user/Desktop/EmbeddedC/src/lib2450/libs.o
MMU_DisableDCache                                 /home/user/Desktop/EmbeddedC/src/lib2450/libs.o
                                                  /home/user/Desktop/EmbeddedC/src/lib2450/libc.o
MMU_DisableICache                                 /home/user/Desktop/EmbeddedC/src/lib2450/libs.o
                                                  /home/user/Desktop/EmbeddedC/src/lib2450/libc.o
MMU_DisableMMU                                    /home/user/Desktop/EmbeddedC/src/lib2450/libs.o
                                                  /home/user/Desktop/EmbeddedC/src/lib2450/libc.o
MMU_EnableAlignFault                              /home/user/Desktop/EmbeddedC/src/lib2450/libs.o
                                                  /home/user/Desktop/EmbeddedC/src/lib2450/libc.o
MMU_EnableDCache                                  /home/user/Desktop/EmbeddedC/src/lib2450/libs.o
                                                  /home/user/Desktop/EmbeddedC/src/lib2450/libc.o
MMU_EnableICache                                  /home/user/Desktop/EmbeddedC/src/lib2450/libs.o
                                                  /home/user/Desktop/EmbeddedC/src/lib2450/libc.o
MMU_EnableMMU                                     /home/user/Desktop/EmbeddedC/src/lib2450/libs.o
                                                  /home/user/Desktop/EmbeddedC/src/lib2450/libc.o
MMU_Init                                          /home/user/Desktop/EmbeddedC/src/lib2450/libc.o
MMU_InvalidateDCache                              /home/user/Desktop/EmbeddedC/src/lib2450/libs.o
MMU_InvalidateDCacheMVA                           /home/user/Desktop/EmbeddedC/src/lib2450/libs.o
MMU_InvalidateDTLB                                /home/user/Desktop/EmbeddedC/src/lib2450/libs.o
MMU_InvalidateDTLBMVA                             /home/user/Desktop/EmbeddedC/src/lib2450/libs.o
MMU_InvalidateICache                              /home/user/Desktop/EmbeddedC/src/lib2450/libs.o
                                                  /home/user/Desktop/EmbeddedC/src/lib2450/libc.o
MMU_InvalidateICacheMVA                           /home/user/Desktop/EmbeddedC/src/lib2450/libs.o
MMU_InvalidateIDCache                             /home/user/Desktop/EmbeddedC/src/lib2450/libs.o
MMU_InvalidateITLB                                /home/user/Desktop/EmbeddedC/src/lib2450/libs.o
MMU_InvalidateITLBMVA                             /home/user/Desktop/EmbeddedC/src/lib2450/libs.o
MMU_InvalidateTLB                                 /home/user/Desktop/EmbeddedC/src/lib2450/libs.o
                                                  /home/user/Desktop/EmbeddedC/src/lib2450/libc.o
MMU_PrefetchICacheMVA                             /home/user/Desktop/EmbeddedC/src/lib2450/libs.o
MMU_SetAsyncBusMode                               /home/user/Desktop/EmbeddedC/src/lib2450/libs.o
MMU_SetDCacheLockdownBase                         /home/user/Desktop/EmbeddedC/src/lib2450/libs.o
MMU_SetDTLBLockdown                               /home/user/Desktop/EmbeddedC/src/lib2450/libs.o
MMU_SetDomain                                     /home/user/Desktop/EmbeddedC/src/lib2450/libs.o
                                                  /home/user/Desktop/EmbeddedC/src/lib2450/libc.o
MMU_SetFastBusMode                                /home/user/Desktop/EmbeddedC/src/lib2450/libs.o
MMU_SetICacheLockdownBase                         /home/user/Desktop/EmbeddedC/src/lib2450/libs.o
MMU_SetITLBLockdown                               /home/user/Desktop/EmbeddedC/src/lib2450/libs.o
MMU_SetMTT                                        /home/user/Desktop/EmbeddedC/src/lib2450/libc.o
MMU_SetProcessId                                  /home/user/Desktop/EmbeddedC/src/lib2450/libs.o
                                                  /home/user/Desktop/EmbeddedC/src/lib2450/libc.o
MMU_SetTTBase                                     /home/user/Desktop/EmbeddedC/src/lib2450/libs.o
                                                  /home/user/Desktop/EmbeddedC/src/lib2450/libc.o
MMU_WaitForInterrupt                              /home/user/Desktop/EmbeddedC/src/lib2450/libs.o
MemDump                                           /home/user/Desktop/EmbeddedC/src/lib2450/libc.o
MemFill                                           /home/user/Desktop/EmbeddedC/src/lib2450/libc.o
ResetHandler                                      /home/user/Desktop/EmbeddedC/src/startup/s3c2450_startup.o
SET_IF                                            /home/user/Desktop/EmbeddedC/src/lib2450/libs.o
SUM_OF_DEC                                        /home/user/Desktop/EmbeddedC/src/lib2450/libs.o
Timer_Delay                                       /home/user/Desktop/EmbeddedC/src/lib2450/Timer.o
Uart_GetChar                                      /home/user/Desktop/EmbeddedC/src/lib2450/Uart.o
Uart_GetIntNum                                    /home/user/Desktop/EmbeddedC/src/lib2450/Uart.o
Uart_GetKey                                       /home/user/Desktop/EmbeddedC/src/lib2450/Uart.o
Uart_GetString                                    /home/user/Desktop/EmbeddedC/src/lib2450/Uart.o
Uart_Get_Pressed                                  /home/user/Desktop/EmbeddedC/src/lib2450/Uart.o
Uart_Init                                         /home/user/Desktop/EmbeddedC/src/lib2450/Uart.o
Uart_Send_Byte                                    /home/user/Desktop/EmbeddedC/src/lib2450/Uart.o
                                                  /home/user/Desktop/EmbeddedC/src/lib2450/syscall.o
Uart_Send_String                                  /home/user/Desktop/EmbeddedC/src/lib2450/Uart.o
Uart_TxEmpty                                      /home/user/Desktop/EmbeddedC/src/lib2450/Uart.o
User_Main                                         14/UserMain14.o
                                                  /home/user/Desktop/EmbeddedC/src/startup/Main.o
WR_IF                                             /home/user/Desktop/EmbeddedC/src/lib2450/libs.o
_Balloc                                           /opt/CodeSourcery/Sourcery_G++_Lite/arm-none-eabi/lib/libc.a(lib_a-mprec.o)
                                                  /opt/CodeSourcery/Sourcery_G++_Lite/arm-none-eabi/lib/libc.a(lib_a-dtoa.o)
_Bfree                                            /opt/CodeSourcery/Sourcery_G++_Lite/arm-none-eabi/lib/libc.a(lib_a-mprec.o)
                                                  /opt/CodeSourcery/Sourcery_G++_Lite/arm-none-eabi/lib/libc.a(lib_a-dtoa.o)
_PathLocale                                       /opt/CodeSourcery/Sourcery_G++_Lite/arm-none-eabi/lib/libc.a(lib_a-locale.o)
__BSS_END__                                       /home/user/Desktop/EmbeddedC/src/startup/s3c2450_startup.o
__BSS_START__                                     /home/user/Desktop/EmbeddedC/src/startup/s3c2450_startup.o
__DATA_END__                                      /home/user/Desktop/EmbeddedC/src/startup/s3c2450_startup.o
__DATA_START__                                    /home/user/Desktop/EmbeddedC/src/startup/s3c2450_startup.o
__RODATA_END__                                    /home/user/Desktop/EmbeddedC/src/startup/s3c2450_startup.o
__adddf3                                          /opt/CodeSourcery/Sourcery_G++_Lite/lib/gcc/arm-none-eabi/4.5.2/libgcc.a(_arm_addsubdf3.o)
__aeabi_cdcmpeq                                   /opt/CodeSourcery/Sourcery_G++_Lite/lib/gcc/arm-none-eabi/4.5.2/libgcc.a(_arm_cmpdf2.o)
__aeabi_cdcmple                                   /opt/CodeSourcery/Sourcery_G++_Lite/lib/gcc/arm-none-eabi/4.5.2/libgcc.a(_arm_cmpdf2.o)
__aeabi_cdrcmple                                  /opt/CodeSourcery/Sourcery_G++_Lite/lib/gcc/arm-none-eabi/4.5.2/libgcc.a(_arm_cmpdf2.o)
__aeabi_d2iz                                      /opt/CodeSourcery/Sourcery_G++_Lite/lib/gcc/arm-none-eabi/4.5.2/libgcc.a(_arm_fixdfsi.o)
                                                  /opt/CodeSourcery/Sourcery_G++_Lite/arm-none-eabi/lib/libc.a(lib_a-dtoa.o)
__aeabi_d2uiz                                     /opt/CodeSourcery/Sourcery_G++_Lite/lib/gcc/arm-none-eabi/4.5.2/libgcc.a(_arm_fixunsdfsi.o)
                                                  /home/user/Desktop/EmbeddedC/src/lib2450/Uart.o
__aeabi_dadd                                      /opt/CodeSourcery/Sourcery_G++_Lite/lib/gcc/arm-none-eabi/4.5.2/libgcc.a(_arm_addsubdf3.o)
                                                  /opt/CodeSourcery/Sourcery_G++_Lite/arm-none-eabi/lib/libc.a(lib_a-dtoa.o)
                                                  /home/user/Desktop/EmbeddedC/src/lib2450/Uart.o
__aeabi_dcmpeq                                    /opt/CodeSourcery/Sourcery_G++_Lite/lib/gcc/arm-none-eabi/4.5.2/libgcc.a(_arm_cmpdf2.o)
                                                  /opt/CodeSourcery/Sourcery_G++_Lite/arm-none-eabi/lib/libc.a(lib_a-dtoa.o)
                                                  /opt/CodeSourcery/Sourcery_G++_Lite/arm-none-eabi/lib/libc.a(lib_a-vfprintf.o)
__aeabi_dcmpge                                    /opt/CodeSourcery/Sourcery_G++_Lite/lib/gcc/arm-none-eabi/4.5.2/libgcc.a(_arm_cmpdf2.o)
                                                  /opt/CodeSourcery/Sourcery_G++_Lite/arm-none-eabi/lib/libc.a(lib_a-dtoa.o)
__aeabi_dcmpgt                                    /opt/CodeSourcery/Sourcery_G++_Lite/lib/gcc/arm-none-eabi/4.5.2/libgcc.a(_arm_cmpdf2.o)
                                                  /opt/CodeSourcery/Sourcery_G++_Lite/arm-none-eabi/lib/libc.a(lib_a-dtoa.o)
__aeabi_dcmple                                    /opt/CodeSourcery/Sourcery_G++_Lite/lib/gcc/arm-none-eabi/4.5.2/libgcc.a(_arm_cmpdf2.o)
__aeabi_dcmplt                                    /opt/CodeSourcery/Sourcery_G++_Lite/lib/gcc/arm-none-eabi/4.5.2/libgcc.a(_arm_cmpdf2.o)
                                                  /opt/CodeSourcery/Sourcery_G++_Lite/arm-none-eabi/lib/libc.a(lib_a-dtoa.o)
                                                  /opt/CodeSourcery/Sourcery_G++_Lite/arm-none-eabi/lib/libc.a(lib_a-vfprintf.o)
__aeabi_ddiv                                      /opt/CodeSourcery/Sourcery_G++_Lite/lib/gcc/arm-none-eabi/4.5.2/libgcc.a(_arm_muldivdf3.o)
                                                  /opt/CodeSourcery/Sourcery_G++_Lite/arm-none-eabi/lib/libc.a(lib_a-mprec.o)
                                                  /opt/CodeSourcery/Sourcery_G++_Lite/arm-none-eabi/lib/libc.a(lib_a-dtoa.o)
                                                  /home/user/Desktop/EmbeddedC/src/lib2450/Uart.o
__aeabi_dmul                                      /opt/CodeSourcery/Sourcery_G++_Lite/lib/gcc/arm-none-eabi/4.5.2/libgcc.a(_arm_muldivdf3.o)
                                                  /opt/CodeSourcery/Sourcery_G++_Lite/arm-none-eabi/lib/libc.a(lib_a-mprec.o)
                                                  /opt/CodeSourcery/Sourcery_G++_Lite/arm-none-eabi/lib/libc.a(lib_a-dtoa.o)
__aeabi_drsub                                     /opt/CodeSourcery/Sourcery_G++_Lite/lib/gcc/arm-none-eabi/4.5.2/libgcc.a(_arm_addsubdf3.o)
__aeabi_dsub                                      /opt/CodeSourcery/Sourcery_G++_Lite/lib/gcc/arm-none-eabi/4.5.2/libgcc.a(_arm_addsubdf3.o)
                                                  /opt/CodeSourcery/Sourcery_G++_Lite/arm-none-eabi/lib/libc.a(lib_a-dtoa.o)
__aeabi_f2d                                       /opt/CodeSourcery/Sourcery_G++_Lite/lib/gcc/arm-none-eabi/4.5.2/libgcc.a(_arm_addsubdf3.o)
__aeabi_i2d                                       /opt/CodeSourcery/Sourcery_G++_Lite/lib/gcc/arm-none-eabi/4.5.2/libgcc.a(_arm_addsubdf3.o)
                                                  /opt/CodeSourcery/Sourcery_G++_Lite/arm-none-eabi/lib/libc.a(lib_a-dtoa.o)
                                                  /home/user/Desktop/EmbeddedC/src/lib2450/Uart.o
__aeabi_idiv0                                     /opt/CodeSourcery/Sourcery_G++_Lite/lib/gcc/arm-none-eabi/4.5.2/libgcc.a(_dvmd_tls.o)
                                                  /opt/CodeSourcery/Sourcery_G++_Lite/lib/gcc/arm-none-eabi/4.5.2/libgcc.a(_udivsi3.o)
__aeabi_l2d                                       /opt/CodeSourcery/Sourcery_G++_Lite/lib/gcc/arm-none-eabi/4.5.2/libgcc.a(_arm_addsubdf3.o)
__aeabi_ldiv0                                     /opt/CodeSourcery/Sourcery_G++_Lite/lib/gcc/arm-none-eabi/4.5.2/libgcc.a(_dvmd_tls.o)
                                                  /opt/CodeSourcery/Sourcery_G++_Lite/lib/gcc/arm-none-eabi/4.5.2/libgcc.a(_aeabi_uldivmod.o)
__aeabi_ui2d                                      /opt/CodeSourcery/Sourcery_G++_Lite/lib/gcc/arm-none-eabi/4.5.2/libgcc.a(_arm_addsubdf3.o)
                                                  /opt/CodeSourcery/Sourcery_G++_Lite/arm-none-eabi/lib/libc.a(lib_a-dtoa.o)
__aeabi_uidiv                                     /opt/CodeSourcery/Sourcery_G++_Lite/lib/gcc/arm-none-eabi/4.5.2/libgcc.a(_udivsi3.o)
                                                  /opt/CodeSourcery/Sourcery_G++_Lite/lib/gcc/arm-none-eabi/4.5.2/libgcc.a(_udivdi3.o)
                                                  /opt/CodeSourcery/Sourcery_G++_Lite/lib/gcc/arm-none-eabi/4.5.2/libgcc.a(_divdi3.o)
                                                  /opt/CodeSourcery/Sourcery_G++_Lite/arm-none-eabi/lib/libc.a(lib_a-dtoa.o)
__aeabi_uidivmod                                  /opt/CodeSourcery/Sourcery_G++_Lite/lib/gcc/arm-none-eabi/4.5.2/libgcc.a(_udivsi3.o)
                                                  /opt/CodeSourcery/Sourcery_G++_Lite/lib/gcc/arm-none-eabi/4.5.2/libgcc.a(_udivdi3.o)
                                                  /opt/CodeSourcery/Sourcery_G++_Lite/lib/gcc/arm-none-eabi/4.5.2/libgcc.a(_divdi3.o)
__aeabi_ul2d                                      /opt/CodeSourcery/Sourcery_G++_Lite/lib/gcc/arm-none-eabi/4.5.2/libgcc.a(_arm_addsubdf3.o)
__aeabi_uldivmod                                  /opt/CodeSourcery/Sourcery_G++_Lite/lib/gcc/arm-none-eabi/4.5.2/libgcc.a(_aeabi_uldivmod.o)
                                                  /opt/CodeSourcery/Sourcery_G++_Lite/arm-none-eabi/lib/libc.a(lib_a-vfiprintf.o)
                                                  /opt/CodeSourcery/Sourcery_G++_Lite/arm-none-eabi/lib/libc.a(lib_a-vfprintf.o)
__any_on                                          /opt/CodeSourcery/Sourcery_G++_Lite/arm-none-eabi/lib/libc.a(lib_a-mprec.o)
__ascii_wctomb                                    /opt/CodeSourcery/Sourcery_G++_Lite/arm-none-eabi/lib/libc.a(lib_a-wctomb_r.o)
__b2d                                             /opt/CodeSourcery/Sourcery_G++_Lite/arm-none-eabi/lib/libc.a(lib_a-mprec.o)
__clzsi2                                          /opt/CodeSourcery/Sourcery_G++_Lite/lib/gcc/arm-none-eabi/4.5.2/libgcc.a(_clzsi2.o)
                                                  /opt/CodeSourcery/Sourcery_G++_Lite/lib/gcc/arm-none-eabi/4.5.2/libgcc.a(_udivdi3.o)
                                                  /opt/CodeSourcery/Sourcery_G++_Lite/lib/gcc/arm-none-eabi/4.5.2/libgcc.a(_divdi3.o)
__cmpdf2                                          /opt/CodeSourcery/Sourcery_G++_Lite/lib/gcc/arm-none-eabi/4.5.2/libgcc.a(_arm_cmpdf2.o)
__copybits                                        /opt/CodeSourcery/Sourcery_G++_Lite/arm-none-eabi/lib/libc.a(lib_a-mprec.o)
__d2b                                             /opt/CodeSourcery/Sourcery_G++_Lite/arm-none-eabi/lib/libc.a(lib_a-mprec.o)
                                                  /opt/CodeSourcery/Sourcery_G++_Lite/arm-none-eabi/lib/libc.a(lib_a-dtoa.o)
__divdf3                                          /opt/CodeSourcery/Sourcery_G++_Lite/lib/gcc/arm-none-eabi/4.5.2/libgcc.a(_arm_muldivdf3.o)
__divdi3                                          /opt/CodeSourcery/Sourcery_G++_Lite/lib/gcc/arm-none-eabi/4.5.2/libgcc.a(_divdi3.o)
                                                  /opt/CodeSourcery/Sourcery_G++_Lite/lib/gcc/arm-none-eabi/4.5.2/libgcc.a(bpabi.o)
__eqdf2                                           /opt/CodeSourcery/Sourcery_G++_Lite/lib/gcc/arm-none-eabi/4.5.2/libgcc.a(_arm_cmpdf2.o)
__errno                                           /opt/CodeSourcery/Sourcery_G++_Lite/arm-none-eabi/lib/libc.a(lib_a-errno.o)
                                                  /home/user/Desktop/EmbeddedC/src/lib2450/syscall.o
__extendsfdf2                                     /opt/CodeSourcery/Sourcery_G++_Lite/lib/gcc/arm-none-eabi/4.5.2/libgcc.a(_arm_addsubdf3.o)
__fixdfsi                                         /opt/CodeSourcery/Sourcery_G++_Lite/lib/gcc/arm-none-eabi/4.5.2/libgcc.a(_arm_fixdfsi.o)
__fixunsdfsi                                      /opt/CodeSourcery/Sourcery_G++_Lite/lib/gcc/arm-none-eabi/4.5.2/libgcc.a(_arm_fixunsdfsi.o)
__floatdidf                                       /opt/CodeSourcery/Sourcery_G++_Lite/lib/gcc/arm-none-eabi/4.5.2/libgcc.a(_arm_addsubdf3.o)
__floatsidf                                       /opt/CodeSourcery/Sourcery_G++_Lite/lib/gcc/arm-none-eabi/4.5.2/libgcc.a(_arm_addsubdf3.o)
__floatundidf                                     /opt/CodeSourcery/Sourcery_G++_Lite/lib/gcc/arm-none-eabi/4.5.2/libgcc.a(_arm_addsubdf3.o)
__floatunsidf                                     /opt/CodeSourcery/Sourcery_G++_Lite/lib/gcc/arm-none-eabi/4.5.2/libgcc.a(_arm_addsubdf3.o)
__fp_lock_all                                     /opt/CodeSourcery/Sourcery_G++_Lite/arm-none-eabi/lib/libc.a(lib_a-findfp.o)
__fp_unlock_all                                   /opt/CodeSourcery/Sourcery_G++_Lite/arm-none-eabi/lib/libc.a(lib_a-findfp.o)
__fpclassifyd                                     /opt/CodeSourcery/Sourcery_G++_Lite/arm-none-eabi/lib/libc.a(lib_a-s_fpclassify.o)
                                                  /opt/CodeSourcery/Sourcery_G++_Lite/arm-none-eabi/lib/libc.a(lib_a-vfprintf.o)
__gedf2                                           /opt/CodeSourcery/Sourcery_G++_Lite/lib/gcc/arm-none-eabi/4.5.2/libgcc.a(_arm_cmpdf2.o)
__gnu_ldivmod_helper                              /opt/CodeSourcery/Sourcery_G++_Lite/lib/gcc/arm-none-eabi/4.5.2/libgcc.a(bpabi.o)
__gnu_uldivmod_helper                             /opt/CodeSourcery/Sourcery_G++_Lite/lib/gcc/arm-none-eabi/4.5.2/libgcc.a(bpabi.o)
                                                  /opt/CodeSourcery/Sourcery_G++_Lite/lib/gcc/arm-none-eabi/4.5.2/libgcc.a(_aeabi_uldivmod.o)
__gtdf2                                           /opt/CodeSourcery/Sourcery_G++_Lite/lib/gcc/arm-none-eabi/4.5.2/libgcc.a(_arm_cmpdf2.o)
__hi0bits                                         /opt/CodeSourcery/Sourcery_G++_Lite/arm-none-eabi/lib/libc.a(lib_a-mprec.o)
                                                  /opt/CodeSourcery/Sourcery_G++_Lite/arm-none-eabi/lib/libc.a(lib_a-dtoa.o)
__i2b                                             /opt/CodeSourcery/Sourcery_G++_Lite/arm-none-eabi/lib/libc.a(lib_a-mprec.o)
                                                  /opt/CodeSourcery/Sourcery_G++_Lite/arm-none-eabi/lib/libc.a(lib_a-dtoa.o)
__ledf2                                           /opt/CodeSourcery/Sourcery_G++_Lite/lib/gcc/arm-none-eabi/4.5.2/libgcc.a(_arm_cmpdf2.o)
__lo0bits                                         /opt/CodeSourcery/Sourcery_G++_Lite/arm-none-eabi/lib/libc.a(lib_a-mprec.o)
__locale_charset                                  /opt/CodeSourcery/Sourcery_G++_Lite/arm-none-eabi/lib/libc.a(lib_a-locale.o)
                                                  /opt/CodeSourcery/Sourcery_G++_Lite/arm-none-eabi/lib/libc.a(lib_a-wctomb_r.o)
                                                  /opt/CodeSourcery/Sourcery_G++_Lite/arm-none-eabi/lib/libc.a(lib_a-wcrtomb.o)
__locale_cjk_lang                                 /opt/CodeSourcery/Sourcery_G++_Lite/arm-none-eabi/lib/libc.a(lib_a-locale.o)
__locale_mb_cur_max                               /opt/CodeSourcery/Sourcery_G++_Lite/arm-none-eabi/lib/libc.a(lib_a-locale.o)
                                                  /opt/CodeSourcery/Sourcery_G++_Lite/arm-none-eabi/lib/libc.a(lib_a-fputwc.o)
__locale_msgcharset                               /opt/CodeSourcery/Sourcery_G++_Lite/arm-none-eabi/lib/libc.a(lib_a-locale.o)
__lshift                                          /opt/CodeSourcery/Sourcery_G++_Lite/arm-none-eabi/lib/libc.a(lib_a-mprec.o)
                                                  /opt/CodeSourcery/Sourcery_G++_Lite/arm-none-eabi/lib/libc.a(lib_a-dtoa.o)
__ltdf2                                           /opt/CodeSourcery/Sourcery_G++_Lite/lib/gcc/arm-none-eabi/4.5.2/libgcc.a(_arm_cmpdf2.o)
__malloc_av_                                      /opt/CodeSourcery/Sourcery_G++_Lite/arm-none-eabi/lib/libc.a(lib_a-mallocr.o)
                                                  /opt/CodeSourcery/Sourcery_G++_Lite/arm-none-eabi/lib/libc.a(lib_a-reallocr.o)
                                                  /opt/CodeSourcery/Sourcery_G++_Lite/arm-none-eabi/lib/libc.a(lib_a-freer.o)
__malloc_current_mallinfo                         /opt/CodeSourcery/Sourcery_G++_Lite/arm-none-eabi/lib/libc.a(lib_a-mallocr.o)
                                                  /opt/CodeSourcery/Sourcery_G++_Lite/arm-none-eabi/lib/libc.a(lib_a-freer.o)
__malloc_lock                                     /opt/CodeSourcery/Sourcery_G++_Lite/arm-none-eabi/lib/libc.a(lib_a-mlock.o)
                                                  /opt/CodeSourcery/Sourcery_G++_Lite/arm-none-eabi/lib/libc.a(lib_a-reallocr.o)
                                                  /opt/CodeSourcery/Sourcery_G++_Lite/arm-none-eabi/lib/libc.a(lib_a-mallocr.o)
                                                  /opt/CodeSourcery/Sourcery_G++_Lite/arm-none-eabi/lib/libc.a(lib_a-freer.o)
__malloc_max_sbrked_mem                           /opt/CodeSourcery/Sourcery_G++_Lite/arm-none-eabi/lib/libc.a(lib_a-mallocr.o)
__malloc_max_total_mem                            /opt/CodeSourcery/Sourcery_G++_Lite/arm-none-eabi/lib/libc.a(lib_a-mallocr.o)
__malloc_sbrk_base                                /opt/CodeSourcery/Sourcery_G++_Lite/arm-none-eabi/lib/libc.a(lib_a-mallocr.o)
                                                  /opt/CodeSourcery/Sourcery_G++_Lite/arm-none-eabi/lib/libc.a(lib_a-freer.o)
__malloc_top_pad                                  /opt/CodeSourcery/Sourcery_G++_Lite/arm-none-eabi/lib/libc.a(lib_a-mallocr.o)
                                                  /opt/CodeSourcery/Sourcery_G++_Lite/arm-none-eabi/lib/libc.a(lib_a-freer.o)
__malloc_trim_threshold                           /opt/CodeSourcery/Sourcery_G++_Lite/arm-none-eabi/lib/libc.a(lib_a-mallocr.o)
                                                  /opt/CodeSourcery/Sourcery_G++_Lite/arm-none-eabi/lib/libc.a(lib_a-freer.o)
__malloc_unlock                                   /opt/CodeSourcery/Sourcery_G++_Lite/arm-none-eabi/lib/libc.a(lib_a-mlock.o)
                                                  /opt/CodeSourcery/Sourcery_G++_Lite/arm-none-eabi/lib/libc.a(lib_a-reallocr.o)
                                                  /opt/CodeSourcery/Sourcery_G++_Lite/arm-none-eabi/lib/libc.a(lib_a-mallocr.o)
                                                  /opt/CodeSourcery/Sourcery_G++_Lite/arm-none-eabi/lib/libc.a(lib_a-freer.o)
__mb_cur_max                                      /opt/CodeSourcery/Sourcery_G++_Lite/arm-none-eabi/lib/libc.a(lib_a-locale.o)
__mcmp                                            /opt/CodeSourcery/Sourcery_G++_Lite/arm-none-eabi/lib/libc.a(lib_a-mprec.o)
                                                  /opt/CodeSourcery/Sourcery_G++_Lite/arm-none-eabi/lib/libc.a(lib_a-dtoa.o)
__mdiff                                           /opt/CodeSourcery/Sourcery_G++_Lite/arm-none-eabi/lib/libc.a(lib_a-mprec.o)
                                                  /opt/CodeSourcery/Sourcery_G++_Lite/arm-none-eabi/lib/libc.a(lib_a-dtoa.o)
__mlocale_changed                                 /opt/CodeSourcery/Sourcery_G++_Lite/arm-none-eabi/lib/libc.a(lib_a-locale.o)
__mprec_bigtens                                   /opt/CodeSourcery/Sourcery_G++_Lite/arm-none-eabi/lib/libc.a(lib_a-mprec.o)
                                                  /opt/CodeSourcery/Sourcery_G++_Lite/arm-none-eabi/lib/libc.a(lib_a-dtoa.o)
__mprec_tens                                      /opt/CodeSourcery/Sourcery_G++_Lite/arm-none-eabi/lib/libc.a(lib_a-mprec.o)
                                                  /opt/CodeSourcery/Sourcery_G++_Lite/arm-none-eabi/lib/libc.a(lib_a-dtoa.o)
__mprec_tinytens                                  /opt/CodeSourcery/Sourcery_G++_Lite/arm-none-eabi/lib/libc.a(lib_a-mprec.o)
__muldf3                                          /opt/CodeSourcery/Sourcery_G++_Lite/lib/gcc/arm-none-eabi/4.5.2/libgcc.a(_arm_muldivdf3.o)
__multadd                                         /opt/CodeSourcery/Sourcery_G++_Lite/arm-none-eabi/lib/libc.a(lib_a-mprec.o)
                                                  /opt/CodeSourcery/Sourcery_G++_Lite/arm-none-eabi/lib/libc.a(lib_a-dtoa.o)
__multiply                                        /opt/CodeSourcery/Sourcery_G++_Lite/arm-none-eabi/lib/libc.a(lib_a-mprec.o)
                                                  /opt/CodeSourcery/Sourcery_G++_Lite/arm-none-eabi/lib/libc.a(lib_a-dtoa.o)
__nedf2                                           /opt/CodeSourcery/Sourcery_G++_Lite/lib/gcc/arm-none-eabi/4.5.2/libgcc.a(_arm_cmpdf2.o)
__nlocale_changed                                 /opt/CodeSourcery/Sourcery_G++_Lite/arm-none-eabi/lib/libc.a(lib_a-locale.o)
__pow5mult                                        /opt/CodeSourcery/Sourcery_G++_Lite/arm-none-eabi/lib/libc.a(lib_a-mprec.o)
                                                  /opt/CodeSourcery/Sourcery_G++_Lite/arm-none-eabi/lib/libc.a(lib_a-dtoa.o)
__ratio                                           /opt/CodeSourcery/Sourcery_G++_Lite/arm-none-eabi/lib/libc.a(lib_a-mprec.o)
__s2b                                             /opt/CodeSourcery/Sourcery_G++_Lite/arm-none-eabi/lib/libc.a(lib_a-mprec.o)
__sclose                                          /opt/CodeSourcery/Sourcery_G++_Lite/arm-none-eabi/lib/libc.a(lib_a-stdio.o)
                                                  /opt/CodeSourcery/Sourcery_G++_Lite/arm-none-eabi/lib/libc.a(lib_a-findfp.o)
__seofread                                        /opt/CodeSourcery/Sourcery_G++_Lite/arm-none-eabi/lib/libc.a(lib_a-stdio.o)
__sfmoreglue                                      /opt/CodeSourcery/Sourcery_G++_Lite/arm-none-eabi/lib/libc.a(lib_a-findfp.o)
__sfp                                             /opt/CodeSourcery/Sourcery_G++_Lite/arm-none-eabi/lib/libc.a(lib_a-findfp.o)
__sfp_lock_acquire                                /opt/CodeSourcery/Sourcery_G++_Lite/arm-none-eabi/lib/libc.a(lib_a-findfp.o)
                                                  /opt/CodeSourcery/Sourcery_G++_Lite/arm-none-eabi/lib/libc.a(lib_a-fclose.o)
                                                  /opt/CodeSourcery/Sourcery_G++_Lite/arm-none-eabi/lib/libc.a(lib_a-fwalk.o)
__sfp_lock_release                                /opt/CodeSourcery/Sourcery_G++_Lite/arm-none-eabi/lib/libc.a(lib_a-findfp.o)
                                                  /opt/CodeSourcery/Sourcery_G++_Lite/arm-none-eabi/lib/libc.a(lib_a-fclose.o)
                                                  /opt/CodeSourcery/Sourcery_G++_Lite/arm-none-eabi/lib/libc.a(lib_a-fwalk.o)
__sfvwrite_r                                      /opt/CodeSourcery/Sourcery_G++_Lite/arm-none-eabi/lib/libc.a(lib_a-fvwrite.o)
                                                  /opt/CodeSourcery/Sourcery_G++_Lite/arm-none-eabi/lib/libc.a(lib_a-vfiprintf.o)
                                                  /opt/CodeSourcery/Sourcery_G++_Lite/arm-none-eabi/lib/libc.a(lib_a-puts.o)
__sinit                                           /opt/CodeSourcery/Sourcery_G++_Lite/arm-none-eabi/lib/libc.a(lib_a-findfp.o)
                                                  /opt/CodeSourcery/Sourcery_G++_Lite/arm-none-eabi/lib/libc.a(lib_a-fputwc.o)
                                                  /opt/CodeSourcery/Sourcery_G++_Lite/arm-none-eabi/lib/libc.a(lib_a-fclose.o)
                                                  /opt/CodeSourcery/Sourcery_G++_Lite/arm-none-eabi/lib/libc.a(lib_a-wbuf.o)
                                                  /opt/CodeSourcery/Sourcery_G++_Lite/arm-none-eabi/lib/libc.a(lib_a-vfiprintf.o)
                                                  /opt/CodeSourcery/Sourcery_G++_Lite/arm-none-eabi/lib/libc.a(lib_a-putc.o)
                                                  /opt/CodeSourcery/Sourcery_G++_Lite/arm-none-eabi/lib/libc.a(lib_a-fflush.o)
                                                  /opt/CodeSourcery/Sourcery_G++_Lite/arm-none-eabi/lib/libc.a(lib_a-wsetup.o)
                                                  /opt/CodeSourcery/Sourcery_G++_Lite/arm-none-eabi/lib/libc.a(lib_a-vfprintf.o)
__sinit_lock_acquire                              /opt/CodeSourcery/Sourcery_G++_Lite/arm-none-eabi/lib/libc.a(lib_a-findfp.o)
__sinit_lock_release                              /opt/CodeSourcery/Sourcery_G++_Lite/arm-none-eabi/lib/libc.a(lib_a-findfp.o)
__smakebuf_r                                      /opt/CodeSourcery/Sourcery_G++_Lite/arm-none-eabi/lib/libc.a(lib_a-makebuf.o)
                                                  /opt/CodeSourcery/Sourcery_G++_Lite/arm-none-eabi/lib/libc.a(lib_a-wsetup.o)
__sprint_r                                        /opt/CodeSourcery/Sourcery_G++_Lite/arm-none-eabi/lib/libc.a(lib_a-vfiprintf.o)
                                                  /opt/CodeSourcery/Sourcery_G++_Lite/arm-none-eabi/lib/libc.a(lib_a-vfprintf.o)
__sread                                           /opt/CodeSourcery/Sourcery_G++_Lite/arm-none-eabi/lib/libc.a(lib_a-stdio.o)
                                                  /opt/CodeSourcery/Sourcery_G++_Lite/arm-none-eabi/lib/libc.a(lib_a-findfp.o)
__sseek                                           /opt/CodeSourcery/Sourcery_G++_Lite/arm-none-eabi/lib/libc.a(lib_a-stdio.o)
                                                  /opt/CodeSourcery/Sourcery_G++_Lite/arm-none-eabi/lib/libc.a(lib_a-makebuf.o)
                                                  /opt/CodeSourcery/Sourcery_G++_Lite/arm-none-eabi/lib/libc.a(lib_a-findfp.o)
__subdf3                                          /opt/CodeSourcery/Sourcery_G++_Lite/lib/gcc/arm-none-eabi/4.5.2/libgcc.a(_arm_addsubdf3.o)
__swbuf                                           /opt/CodeSourcery/Sourcery_G++_Lite/arm-none-eabi/lib/libc.a(lib_a-wbuf.o)
__swbuf_r                                         /opt/CodeSourcery/Sourcery_G++_Lite/arm-none-eabi/lib/libc.a(lib_a-wbuf.o)
                                                  /opt/CodeSourcery/Sourcery_G++_Lite/arm-none-eabi/lib/libc.a(lib_a-fputwc.o)
                                                  /opt/CodeSourcery/Sourcery_G++_Lite/arm-none-eabi/lib/libc.a(lib_a-putc.o)
__swrite                                          /opt/CodeSourcery/Sourcery_G++_Lite/arm-none-eabi/lib/libc.a(lib_a-stdio.o)
                                                  /opt/CodeSourcery/Sourcery_G++_Lite/arm-none-eabi/lib/libc.a(lib_a-findfp.o)
__swsetup_r                                       /opt/CodeSourcery/Sourcery_G++_Lite/arm-none-eabi/lib/libc.a(lib_a-wsetup.o)
                                                  /opt/CodeSourcery/Sourcery_G++_Lite/arm-none-eabi/lib/libc.a(lib_a-wbuf.o)
                                                  /opt/CodeSourcery/Sourcery_G++_Lite/arm-none-eabi/lib/libc.a(lib_a-vfiprintf.o)
                                                  /opt/CodeSourcery/Sourcery_G++_Lite/arm-none-eabi/lib/libc.a(lib_a-fvwrite.o)
                                                  /opt/CodeSourcery/Sourcery_G++_Lite/arm-none-eabi/lib/libc.a(lib_a-vfprintf.o)
__udivdi3                                         /opt/CodeSourcery/Sourcery_G++_Lite/lib/gcc/arm-none-eabi/4.5.2/libgcc.a(_udivdi3.o)
                                                  /opt/CodeSourcery/Sourcery_G++_Lite/lib/gcc/arm-none-eabi/4.5.2/libgcc.a(bpabi.o)
__udivsi3                                         /opt/CodeSourcery/Sourcery_G++_Lite/lib/gcc/arm-none-eabi/4.5.2/libgcc.a(_udivsi3.o)
__ulp                                             /opt/CodeSourcery/Sourcery_G++_Lite/arm-none-eabi/lib/libc.a(lib_a-mprec.o)
__wctomb                                          /opt/CodeSourcery/Sourcery_G++_Lite/arm-none-eabi/lib/libc.a(lib_a-wctomb_r.o)
                                                  /opt/CodeSourcery/Sourcery_G++_Lite/arm-none-eabi/lib/libc.a(lib_a-wcrtomb.o)
_calloc_r                                         /opt/CodeSourcery/Sourcery_G++_Lite/arm-none-eabi/lib/libc.a(lib_a-callocr.o)
                                                  /opt/CodeSourcery/Sourcery_G++_Lite/arm-none-eabi/lib/libc.a(lib_a-mprec.o)
_cleanup                                          /opt/CodeSourcery/Sourcery_G++_Lite/arm-none-eabi/lib/libc.a(lib_a-findfp.o)
_cleanup_r                                        /opt/CodeSourcery/Sourcery_G++_Lite/arm-none-eabi/lib/libc.a(lib_a-findfp.o)
                                                  /opt/CodeSourcery/Sourcery_G++_Lite/arm-none-eabi/lib/libc.a(lib_a-makebuf.o)
_close_r                                          /home/user/Desktop/EmbeddedC/src/lib2450/syscall.o
                                                  /opt/CodeSourcery/Sourcery_G++_Lite/arm-none-eabi/lib/libc.a(lib_a-stdio.o)
_dtoa_r                                           /opt/CodeSourcery/Sourcery_G++_Lite/arm-none-eabi/lib/libc.a(lib_a-dtoa.o)
                                                  /opt/CodeSourcery/Sourcery_G++_Lite/arm-none-eabi/lib/libc.a(lib_a-vfprintf.o)
_exit                                             /home/user/Desktop/EmbeddedC/src/lib2450/syscall.o
_fclose_r                                         /opt/CodeSourcery/Sourcery_G++_Lite/arm-none-eabi/lib/libc.a(lib_a-fclose.o)
_fflush_r                                         /opt/CodeSourcery/Sourcery_G++_Lite/arm-none-eabi/lib/libc.a(lib_a-fflush.o)
                                                  /opt/CodeSourcery/Sourcery_G++_Lite/arm-none-eabi/lib/libc.a(lib_a-fclose.o)
                                                  /opt/CodeSourcery/Sourcery_G++_Lite/arm-none-eabi/lib/libc.a(lib_a-wbuf.o)
                                                  /opt/CodeSourcery/Sourcery_G++_Lite/arm-none-eabi/lib/libc.a(lib_a-vfiprintf.o)
                                                  /opt/CodeSourcery/Sourcery_G++_Lite/arm-none-eabi/lib/libc.a(lib_a-fvwrite.o)
                                                  /opt/CodeSourcery/Sourcery_G++_Lite/arm-none-eabi/lib/libc.a(lib_a-vfprintf.o)
_fputwc_r                                         /opt/CodeSourcery/Sourcery_G++_Lite/arm-none-eabi/lib/libc.a(lib_a-fputwc.o)
                                                  /opt/CodeSourcery/Sourcery_G++_Lite/arm-none-eabi/lib/libc.a(lib_a-vfiprintf.o)
_free_r                                           /opt/CodeSourcery/Sourcery_G++_Lite/arm-none-eabi/lib/libc.a(lib_a-freer.o)
                                                  /opt/CodeSourcery/Sourcery_G++_Lite/arm-none-eabi/lib/libc.a(lib_a-fclose.o)
                                                  /opt/CodeSourcery/Sourcery_G++_Lite/arm-none-eabi/lib/libc.a(lib_a-reallocr.o)
                                                  /opt/CodeSourcery/Sourcery_G++_Lite/arm-none-eabi/lib/libc.a(lib_a-mallocr.o)
                                                  /opt/CodeSourcery/Sourcery_G++_Lite/arm-none-eabi/lib/libc.a(lib_a-fvwrite.o)
                                                  /opt/CodeSourcery/Sourcery_G++_Lite/arm-none-eabi/lib/libc.a(lib_a-fflush.o)
                                                  /opt/CodeSourcery/Sourcery_G++_Lite/arm-none-eabi/lib/libc.a(lib_a-wsetup.o)
_fstat_r                                          /home/user/Desktop/EmbeddedC/src/lib2450/syscall.o
                                                  /opt/CodeSourcery/Sourcery_G++_Lite/arm-none-eabi/lib/libc.a(lib_a-makebuf.o)
_fwalk                                            /opt/CodeSourcery/Sourcery_G++_Lite/arm-none-eabi/lib/libc.a(lib_a-fwalk.o)
                                                  /opt/CodeSourcery/Sourcery_G++_Lite/arm-none-eabi/lib/libc.a(lib_a-findfp.o)
_fwalk_reent                                      /opt/CodeSourcery/Sourcery_G++_Lite/arm-none-eabi/lib/libc.a(lib_a-fwalk.o)
                                                  /opt/CodeSourcery/Sourcery_G++_Lite/arm-none-eabi/lib/libc.a(lib_a-fflush.o)
_global_impure_ptr                                /opt/CodeSourcery/Sourcery_G++_Lite/arm-none-eabi/lib/libc.a(lib_a-impure.o)
                                                  /opt/CodeSourcery/Sourcery_G++_Lite/arm-none-eabi/lib/libc.a(lib_a-findfp.o)